Component: ARM Compiler 5.06 update 7 (build 960) Tool: armlink [4d3601]

==============================================================================

Section Cross References

    startup_stm32f030x8.o(STACK) refers (Special) to heapauxi.o(.text) for __use_two_region_memory
    startup_stm32f030x8.o(HEAP) refers (Special) to heapauxi.o(.text) for __use_two_region_memory
    startup_stm32f030x8.o(RESET) refers (Special) to heapauxi.o(.text) for __use_two_region_memory
    startup_stm32f030x8.o(RESET) refers to startup_stm32f030x8.o(STACK) for __initial_sp
    startup_stm32f030x8.o(RESET) refers to startup_stm32f030x8.o(.text) for Reset_Handler
    startup_stm32f030x8.o(RESET) refers to stm32f0xx_it.o(i.NMI_Handler) for NMI_Handler
    startup_stm32f030x8.o(RESET) refers to stm32f0xx_it.o(i.HardFault_Handler) for HardFault_Handler
    startup_stm32f030x8.o(RESET) refers to stm32f0xx_it.o(i.SVC_Handler) for SVC_Handler
    startup_stm32f030x8.o(RESET) refers to stm32f0xx_it.o(i.PendSV_Handler) for PendSV_Handler
    startup_stm32f030x8.o(RESET) refers to stm32f0xx_it.o(i.SysTick_Handler) for SysTick_Handler
    startup_stm32f030x8.o(RESET) refers to stm32f0xx_it.o(i.USART1_IRQHandler) for USART1_IRQHandler
    startup_stm32f030x8.o(.text) refers (Special) to heapauxi.o(.text) for __use_two_region_memory
    startup_stm32f030x8.o(.text) refers to system_stm32f0xx.o(i.SystemInit) for SystemInit
    startup_stm32f030x8.o(.text) refers to __main.o(!!!main) for __main
    startup_stm32f030x8.o(.text) refers to startup_stm32f030x8.o(HEAP) for Heap_Mem
    startup_stm32f030x8.o(.text) refers to startup_stm32f030x8.o(STACK) for Stack_Mem
    max7219.o(i.ledStart) refers to max7219.o(i.max7219_PrintDigit) for max7219_PrintDigit
    max7219.o(i.ledStart) refers to stm32f0xx_hal.o(i.HAL_Delay) for HAL_Delay
    max7219.o(i.max7219_Clean) refers to max7219.o(i.max7219_SendData) for max7219_SendData
    max7219.o(i.max7219_Clean) refers to max7219.o(.data) for .data
    max7219.o(i.max7219_Decode_Off) refers to max7219.o(i.max7219_SendData) for max7219_SendData
    max7219.o(i.max7219_Decode_Off) refers to max7219.o(.data) for .data
    max7219.o(i.max7219_Decode_On) refers to max7219.o(i.max7219_SendData) for max7219_SendData
    max7219.o(i.max7219_Decode_On) refers to max7219.o(.data) for .data
    max7219.o(i.max7219_Init) refers to max7219.o(i.max7219_Turn_On) for max7219_Turn_On
    max7219.o(i.max7219_Init) refers to max7219.o(i.max7219_SendData) for max7219_SendData
    max7219.o(i.max7219_Init) refers to max7219.o(i.max7219_SetIntensivity) for max7219_SetIntensivity
    max7219.o(i.max7219_Init) refers to max7219.o(i.max7219_Clean) for max7219_Clean
    max7219.o(i.max7219_Init) refers to max7219.o(.data) for .data
    max7219.o(i.max7219_PrintDigit) refers to rt_memcpy.o(.emb_text) for __aeabi_memcpy4
    max7219.o(i.max7219_PrintDigit) refers to max7219.o(i.max7219_SendData) for max7219_SendData
    max7219.o(i.max7219_PrintDigit) refers to max7219.o(.constdata) for .constdata
    max7219.o(i.max7219_PrintDigit) refers to max7219.o(.data) for .data
    max7219.o(i.max7219_PrintFloat) refers to dmul.o(.text) for __aeabi_dmul
    max7219.o(i.max7219_PrintFloat) refers to dfixi.o(.text) for __aeabi_d2iz
    max7219.o(i.max7219_PrintFloat) refers to aeabi_sdiv.o(.text) for __aeabi_idivmod
    max7219.o(i.max7219_PrintFloat) refers to max7219.o(i.max7219_PrintDigit) for max7219_PrintDigit
    max7219.o(i.max7219_PrintFloat) refers to stm32f0xx_hal.o(i.HAL_Delay) for HAL_Delay
    max7219.o(i.max7219_PrintFtos) refers to rt_memcpy.o(.emb_text) for __aeabi_memcpy4
    max7219.o(i.max7219_PrintFtos) refers to max7219.o(i.max7219_SendData) for max7219_SendData
    max7219.o(i.max7219_PrintFtos) refers to ffixi.o(.text) for __aeabi_f2iz
    max7219.o(i.max7219_PrintFtos) refers to max7219.o(i.max7219_PrintItos) for max7219_PrintItos
    max7219.o(i.max7219_PrintFtos) refers to aeabi_sdiv.o(.text) for __aeabi_idivmod
    max7219.o(i.max7219_PrintFtos) refers to max7219.o(i.max7219_PrintDigit) for max7219_PrintDigit
    max7219.o(i.max7219_PrintFtos) refers to max7219.o(i.lcdPow10) for lcdPow10
    max7219.o(i.max7219_PrintFtos) refers to fflti.o(.text) for __aeabi_ui2f
    max7219.o(i.max7219_PrintFtos) refers to fmul.o(x$fpl$fmul) for __aeabi_fmul
    max7219.o(i.max7219_PrintFtos) refers to ffixui.o(.text) for __aeabi_f2uiz
    max7219.o(i.max7219_PrintFtos) refers to max7219.o(i.max7219_PrintNtos) for max7219_PrintNtos
    max7219.o(i.max7219_PrintFtos) refers to max7219.o(.constdata) for .constdata
    max7219.o(i.max7219_PrintFtos) refers to max7219.o(.data) for .data
    max7219.o(i.max7219_PrintItos) refers to rt_memcpy.o(.emb_text) for __aeabi_memcpy4
    max7219.o(i.max7219_PrintItos) refers to max7219.o(i.max7219_SendData) for max7219_SendData
    max7219.o(i.max7219_PrintItos) refers to aeabi_sdiv.o(.text) for __aeabi_idivmod
    max7219.o(i.max7219_PrintItos) refers to max7219.o(.constdata) for .constdata
[...]
    I2C_WaitOnSTOPFlagUntilTimeout           0x0800412b   Thumb Code    86  stm32f0xx_hal_i2c.o(i.I2C_WaitOnSTOPFlagUntilTimeout)
    i.I2C_WaitOnTXISFlagUntilTimeout         0x08004180   Section        0  stm32f0xx_hal_i2c.o(i.I2C_WaitOnTXISFlagUntilTimeout)
    I2C_WaitOnTXISFlagUntilTimeout           0x08004181   Thumb Code    90  stm32f0xx_hal_i2c.o(i.I2C_WaitOnTXISFlagUntilTimeout)
    i.Kalman_Filters_Init                    0x080041dc   Section        0  kalman_filter.o(i.Kalman_Filters_Init)
    i.Kalman_Init                            0x0800420c   Section        0  kalman_filter.o(i.Kalman_Init)
    i.Kalman_Update                          0x0800421a   Section        0  kalman_filter.o(i.Kalman_Update)
    i.MX_GPIO_Init                           0x0800426c   Section        0  main.o(i.MX_GPIO_Init)
    MX_GPIO_Init                             0x0800426d   Thumb Code   128  main.o(i.MX_GPIO_Init)
    i.MX_I2C1_Init                           0x080042fc   Section        0  main.o(i.MX_I2C1_Init)
    MX_I2C1_Init                             0x080042fd   Thumb Code    76  main.o(i.MX_I2C1_Init)
    i.MX_SPI1_Init                           0x08004354   Section        0  main.o(i.MX_SPI1_Init)
    MX_SPI1_Init                             0x08004355   Thumb Code    66  main.o(i.MX_SPI1_Init)
    i.MX_SPI2_Init                           0x080043a0   Section        0  main.o(i.MX_SPI2_Init)
    MX_SPI2_Init                             0x080043a1   Thumb Code    66  main.o(i.MX_SPI2_Init)
    i.MX_USART1_UART_Init                    0x080043ec   Section        0  main.o(i.MX_USART1_UART_Init)
    MX_USART1_UART_Init                      0x080043ed   Thumb Code    48  main.o(i.MX_USART1_UART_Init)
    i.NMI_Handler                            0x08004424   Section        0  stm32f0xx_it.o(i.NMI_Handler)
    i.PendSV_Handler                         0x08004426   Section        0  stm32f0xx_it.o(i.PendSV_Handler)
    i.RS485_Calculate_CRC                    0x08004428   Section        0  rs485.o(i.RS485_Calculate_CRC)
    i.RS485_Handle_Command                   0x0800445c   Section        0  main.o(i.RS485_Handle_Command)
    i.RS485_Init                             0x08004508   Section        0  rs485.o(i.RS485_Init)
    i.RS485_Process_Data                     0x0800452c   Section        0  rs485.o(i.RS485_Process_Data)
    i.RS485_Start_Receive                    0x08004590   Section        0  rs485.o(i.RS485_Start_Receive)
    i.SPI_EndRxTransaction                   0x080045b4   Section        0  stm32f0xx_hal_spi.o(i.SPI_EndRxTransaction)
    SPI_EndRxTransaction                     0x080045b5   Thumb Code   120  stm32f0xx_hal_spi.o(i.SPI_EndRxTransaction)
    i.SPI_EndRxTxTransaction                 0x0800462c   Section        0  stm32f0xx_hal_spi.o(i.SPI_EndRxTxTransaction)
    SPI_EndRxTxTransaction                   0x0800462d   Thumb Code    76  stm32f0xx_hal_spi.o(i.SPI_EndRxTxTransaction)
    i.SPI_WaitFifoStateUntilTimeout          0x08004678   Section        0  stm32f0xx_hal_spi.o(i.SPI_WaitFifoStateUntilTimeout)
    SPI_WaitFifoStateUntilTimeout            0x08004679   Thumb Code   212  stm32f0xx_hal_spi.o(i.SPI_WaitFifoStateUntilTimeout)
    i.SPI_WaitFlagStateUntilTimeout          0x08004750   Section        0  stm32f0xx_hal_spi.o(i.SPI_WaitFlagStateUntilTimeout)
    SPI_WaitFlagStateUntilTimeout            0x08004751   Thumb Code   180  stm32f0xx_hal_spi.o(i.SPI_WaitFlagStateUntilTimeout)
    i.SVC_Handler                            0x08004808   Section        0  stm32f0xx_it.o(i.SVC_Handler)
    i.SysTick_Handler                        0x0800480a   Section        0  stm32f0xx_it.o(i.SysTick_Handler)
    i.SystemClock_Config                     0x08004812   Section        0  main.o(i.SystemClock_Config)
    i.SystemInit                             0x08004880   Section        0  system_stm32f0xx.o(i.SystemInit)
    i.TM_SPI_Send                            0x08004882   Section        0  ade7753.o(i.TM_SPI_Send)
    TM_SPI_Send                              0x08004883   Thumb Code    48  ade7753.o(i.TM_SPI_Send)
    i.Test_ADE7753_Mode_Register             0x080048b4   Section        0  ade7753.o(i.Test_ADE7753_Mode_Register)
    i.UART_AdvFeatureConfig                  0x08004a3c   Section        0  stm32f0xx_hal_uart.o(i.UART_AdvFeatureConfig)
    i.UART_CheckIdleState                    0x08004b08   Section        0  stm32f0xx_hal_uart.o(i.UART_CheckIdleState)
    i.UART_DMAAbortOnError                   0x08004bcc   Section        0  stm32f0xx_hal_uart.o(i.UART_DMAAbortOnError)
    UART_DMAAbortOnError                     0x08004bcd   Thumb Code    20  stm32f0xx_hal_uart.o(i.UART_DMAAbortOnError)
    i.UART_EndRxTransfer                     0x08004be0   Section        0  stm32f0xx_hal_uart.o(i.UART_EndRxTransfer)
    UART_EndRxTransfer                       0x08004be1   Thumb Code    96  stm32f0xx_hal_uart.o(i.UART_EndRxTransfer)
    i.UART_RxISR_16BIT                       0x08004c40   Section        0  stm32f0xx_hal_uart.o(i.UART_RxISR_16BIT)
    UART_RxISR_16BIT                         0x08004c41   Thumb Code   206  stm32f0xx_hal_uart.o(i.UART_RxISR_16BIT)
    i.UART_RxISR_8BIT                        0x08004d0e   Section        0  stm32f0xx_hal_uart.o(i.UART_RxISR_8BIT)
    UART_RxISR_8BIT                          0x08004d0f   Thumb Code   206  stm32f0xx_hal_uart.o(i.UART_RxISR_8BIT)
    i.UART_SetConfig                         0x08004ddc   Section        0  stm32f0xx_hal_uart.o(i.UART_SetConfig)
    i.UART_Start_Receive_IT                  0x08004f0c   Section        0  stm32f0xx_hal_uart.o(i.UART_Start_Receive_IT)
    i.UART_WaitOnFlagUntilTimeout            0x08004fbc   Section        0  stm32f0xx_hal_uart.o(i.UART_WaitOnFlagUntilTimeout)
    i.USART1_IRQHandler                      0x08005048   Section        0  stm32f0xx_it.o(i.USART1_IRQHandler)
    i.__ARM_common_ll_muluu                  0x08005058   Section        0  stm32f0xx_hal_rcc.o(i.__ARM_common_ll_muluu)
    i.__ARM_fpclassify                       0x08005088   Section        0  fpclassify.o(i.__ARM_fpclassify)
    i.__NVIC_SetPriority                     0x080050b4   Section        0  stm32f0xx_hal_cortex.o(i.__NVIC_SetPriority)
    __NVIC_SetPriority                       0x080050b5   Thumb Code    60  stm32f0xx_hal_cortex.o(i.__NVIC_SetPriority)
    i._is_digit                              0x080050f8   Section        0  __printf_wp.o(i._is_digit)
    i.addBalance                             0x08005108   Section        0  main.o(i.addBalance)
    i.getIRMS                                0x0800513c   Section        0  ade7753.o(i.getIRMS)
    i.getInterruptStatus                     0x08005174   Section        0  ade7753.o(i.getInterruptStatus)
    i.getPERIOD                              0x0800517e   Section        0  ade7753.o(i.getPERIOD)
    i.getResetInterruptStatus                0x080051ae   Section        0  ade7753.o(i.getResetInterruptStatus)
    i.getTEMP                                0x080051b8   Section        0  ade7753.o(i.getTEMP)
    i.getVRMS                                0x08005202   Section        0  ade7753.o(i.getVRMS)
    i.get_Current                            0x0800523c   Section        0  main.o(i.get_Current)
    i.get_Frequency                          0x0800528c   Section        0  main.o(i.get_Frequency)
    i.get_Power                              0x080052c0   Section        0  main.o(i.get_Power)
    i.get_Voltage                            0x08005398   Section        0  main.o(i.get_Voltage)
    i.get_temp                               0x080053f8   Section        0  main.o(i.get_temp)
    i.ledStart                               0x08005430   Section        0  max7219.o(i.ledStart)
    i.main                                   0x080054b0   Section        0  main.o(i.main)
    i.max7219_Clean                          0x08005648   Section        0  max7219.o(i.max7219_Clean)
    i.max7219_Decode_Off                     0x08005670   Section        0  max7219.o(i.max7219_Decode_Off)
    i.max7219_Init                           0x08005684   Section        0  max7219.o(i.max7219_Init)
    i.max7219_PrintDigit                     0x080056ac   Section        0  max7219.o(i.max7219_PrintDigit)
    i.max7219_PrintFloat                     0x08005714   Section        0  max7219.o(i.max7219_PrintFloat)
    i.max7219_SendData                       0x080057c4   Section        0  max7219.o(i.max7219_SendData)
    i.max7219_SetIntensivity                 0x08005800   Section        0  max7219.o(i.max7219_SetIntensivity)
    i.max7219_Turn_On                        0x08005810   Section        0  max7219.o(i.max7219_Turn_On)
    i.read16bits                             0x0800581c   Section        0  ade7753.o(i.read16bits)
    i.read24bits                             0x08005864   Section        0  ade7753.o(i.read24bits)
    i.read24bits_s                           0x080058b0   Section        0  ade7753.o(i.read24bits_s)
    i.read8bits_s                            0x080058fc   Section        0  ade7753.o(i.read8bits_s)
    i.readRegister                           0x0800592e   Section        0  ade7753.o(i.readRegister)
    readRegister                             0x0800592f   Thumb Code    52  ade7753.o(i.readRegister)
    i.read_initial_settings                  0x08005964   Section        0  eeprom.o(i.read_initial_settings)
    i.reset                                  0x080059b4   Section        0  ade7753.o(i.reset)
    i.reset_stm                              0x080059f0   Section        0  main.o(i.reset_stm)
    i.send11ByteData                         0x08005a14   Section        0  main.o(i.send11ByteData)
    i.setEnergyRate                          0x08005a98   Section        0  main.o(i.setEnergyRate)
    i.sqrt                                   0x08005ab8   Section        0  sqrt.o(i.sqrt)
    i.transfer                               0x08005b00   Section        0  ade7753.o(i.transfer)
    transfer                                 0x08005b01   Thumb Code    88  ade7753.o(i.transfer)
    i.uart_log                               0x08005b58   Section        0  main.o(i.uart_log)
    i.write16                                0x08005d70   Section        0  ade7753.o(i.write16)
    i.writeMaskRegister                      0x08005dea   Section        0  ade7753.o(i.writeMaskRegister)
    writeMaskRegister                        0x08005deb   Thumb Code    42  ade7753.o(i.writeMaskRegister)
    i.writeRegister                          0x08005e14   Section        0  ade7753.o(i.writeRegister)
    writeRegister                            0x08005e15   Thumb Code    42  ade7753.o(i.writeRegister)
    locale$$code                             0x08005e40   Section       44  lc_numeric_c.o(locale$$code)
    x$fpl$drleqf                             0x08005e6c   Section      104  drlef.o(x$fpl$drleqf)
    x$fpl$fadd                               0x08005ed4   Section      140  faddsub.o(x$fpl$fadd)
    _fadd1                                   0x08005ee1   Thumb Code     0  faddsub.o(x$fpl$fadd)
    x$fpl$fmul                               0x08005f60   Section      176  fmul.o(x$fpl$fmul)
    x$fpl$fsub                               0x08006010   Section      208  faddsub.o(x$fpl$fsub)
    _fsub1                                   0x0800601d   Thumb Code     0  faddsub.o(x$fpl$fsub)
    x$fpl$printf1                            0x080060e0   Section       16  printf1.o(x$fpl$printf1)
    .constdata                               0x080060f0   Section      160  max7219.o(.constdata)
    x$fpl$usenofp                            0x080060f0   Section        0  usenofp.o(x$fpl$usenofp)
    .constdata                               0x08006190   Section       32  stm32f0xx_hal_rcc.o(.constdata)
    aPLLMULFactorTable                       0x08006190   Data          16  stm32f0xx_hal_rcc.o(.constdata)
    aPredivFactorTable                       0x080061a0   Data          16  stm32f0xx_hal_rcc.o(.constdata)
    .constdata                               0x080061b0   Section       16  system_stm32f0xx.o(.constdata)
    .constdata                               0x080061c0   Section        8  system_stm32f0xx.o(.constdata)
    .constdata                               0x080061c8   Section       40  _printf_hex_int.o(.constdata)
    uc_hextab                                0x080061c8   Data          20  _printf_hex_int.o(.constdata)
    lc_hextab                                0x080061dc   Data          20  _printf_hex_int.o(.constdata)
    .constdata                               0x080061f0   Section       17  __printf_flags_wp.o(.constdata)
    maptable                                 0x080061f0   Data          17  __printf_flags_wp.o(.constdata)
    .constdata                               0x08006201   Section      128  ddiv.o(.constdata)
    ddiv_reciptbl                            0x08006201   Data         128  ddiv.o(.constdata)
    .constdata                               0x08006281   Section       64  fdiv.o(.constdata)
    fdiv_tab                                 0x08006281   Data          64  fdiv.o(.constdata)
    .constdata                               0x080062c4   Section      148  bigflt0.o(.constdata)
    tenpwrs_x                                0x080062c4   Data          60  bigflt0.o(.constdata)
    tenpwrs_i                                0x08006300   Data          64  bigflt0.o(.constdata)
    locale$$data                             0x08006378   Section       28  lc_numeric_c.o(locale$$data)
    __lcnum_c_name                           0x0800637c   Data           2  lc_numeric_c.o(locale$$data)
    __lcnum_c_start                          0x08006384   Data           0  lc_numeric_c.o(locale$$data)
    __lcnum_c_point                          0x08006390   Data           0  lc_numeric_c.o(locale$$data)
    __lcnum_c_thousands                      0x08006392   Data           0  lc_numeric_c.o(locale$$data)
    __lcnum_c_grouping                       0x08006393   Data           0  lc_numeric_c.o(locale$$data)
    __lcnum_c_end                            0x08006394   Data           0  lc_numeric_c.o(locale$$data)
    .data                                    0x20000000   Section       28  max7219.o(.data)
    decodeMode                               0x20000000   Data           1  max7219.o(.data)
    SYMBOLS                                  0x2000000c   Data          16  max7219.o(.data)
    .data                                    0x20000020   Section      128  main.o(.data)
    .data                                    0x200000a0   Section       12  stm32f0xx_hal.o(.data)
    .data                                    0x200000ac   Section        4  system_stm32f0xx.o(.data)
    .bss                                     0x200000b0   Section      543  main.o(.bss)
    .bss                                     0x200002cf   Section       11  rs485.o(.bss)
    .bss                                     0x200002dc   Section       40  kalman_filter.o(.bss)
    .bss                                     0x20000304   Section       96  libspace.o(.bss)
    HEAP                                     0x20000368   Section      512  startup_stm32f030x8.o(HEAP)
    Heap_Mem                                 0x20000368   Data         512  startup_stm32f030x8.o(HEAP)
    STACK                                    0x20000568   Section     1024  startup_stm32f030x8.o(STACK)
    Stack_Mem                                0x20000568   Data        1024  startup_stm32f030x8.o(STACK)
    __initial_sp                             0x20000968   Data           0  startup_stm32f030x8.o(STACK)

    Global Symbols

    Symbol Name                              Value     Ov Type        Size  Object(Section)

    BuildAttributes$$THM_ISAv3M$S$PE$A:L22$X:L11$S22$IEEE1$IW$USESV6$~STKCKD$USESV7$~SHL$OTIME$ROPI$IEEEJ$EBA8$UX$STANDARDLIB$REQ8$PRES8$EABIv2 0x00000000   Number         0  anon$$obj.o ABSOLUTE
    __ARM_use_no_argv                        0x00000000   Number         0  main.o ABSOLUTE
    _printf_flags                            0x00000000   Number         0  printf_stubs.o ABSOLUTE
    _printf_return_value                     0x00000000   Number         0  printf_stubs.o ABSOLUTE
    _printf_sizespec                         0x00000000   Number         0  printf_stubs.o ABSOLUTE
    _printf_widthprec                        0x00000000   Number         0  printf_stubs.o ABSOLUTE
    __ARM_exceptions_init                     - Undefined Weak Reference
    __alloca_initialize                       - Undefined Weak Reference
    __arm_fini_                               - Undefined Weak Reference
    __arm_preinit_                            - Undefined Weak Reference
    __cpp_initialize__aeabi_                  - Undefined Weak Reference
    __cxa_finalize                            - Undefined Weak Reference
    __sigvec_lookup                           - Undefined Weak Reference
    _atexit_init                              - Undefined Weak Reference
    _call_atexit_fns                          - Undefined Weak Reference
    _clock_init                               - Undefined Weak Reference
    _fp_trap_init                             - Undefined Weak Reference
    _fp_trap_shutdown                         - Undefined Weak Reference
    _get_lc_collate                           - Undefined Weak Reference
    _get_lc_ctype                             - Undefined Weak Reference
    _get_lc_monetary                          - Undefined Weak Reference
    _get_lc_time                              - Undefined Weak Reference
    _getenv_init                              - Undefined Weak Reference
    _handle_redirection                       - Undefined Weak Reference
    _init_alloc                               - Undefined Weak Reference
    _init_user_alloc                          - Undefined Weak Reference
    _initio                                   - Undefined Weak Reference
    _printf_truncate_signed                   - Undefined Weak Reference
    _printf_truncate_unsigned                 - Undefined Weak Reference
    _rand_init                                - Undefined Weak Reference
    _signal_finish                            - Undefined Weak Reference
    _signal_init                              - Undefined Weak Reference
    _terminate_alloc                          - Undefined Weak Reference
    _terminate_user_alloc                     - Undefined Weak Reference
    _terminateio                              - Undefined Weak Reference
    __Vectors_Size                           0x000000b4   Number         0  startup_stm32f030x8.o ABSOLUTE
    __Vectors                                0x08000000   Data           4  startup_stm32f030x8.o(RESET)
    __Vectors_End                            0x080000b4   Data           0  startup_stm32f030x8.o(RESET)
    __main                                   0x080000b5   Thumb Code     8  __main.o(!!!main)
    __scatterload                            0x080000bd   Thumb Code     0  __scatter.o(!!!scatter)
    __scatterload_rt2                        0x080000bd   Thumb Code    52  __scatter.o(!!!scatter)
    __scatterload_rt2_thumb_only             0x080000bd   Thumb Code     0  __scatter.o(!!!scatter)
    __scatterload_null                       0x080000cd   Thumb Code     0  __scatter.o(!!!scatter)
    __scatterload_copy                       0x080000f9   Thumb Code    26  __scatter_copy.o(!!handler_copy)
    __scatterload_zeroinit                   0x08000115   Thumb Code    28  __scatter_zi.o(!!handler_zi)
    _printf_percent                          0x08000131   Thumb Code     0  _printf_percent.o(.ARM.Collect$$_printf_percent$$00000000)
    _printf_f                                0x08000133   Thumb Code     0  _printf_f.o(.ARM.Collect$$_printf_percent$$00000003)
    _printf_d                                0x0800013d   Thumb Code     0  _printf_d.o(.ARM.Collect$$_printf_percent$$00000009)
    _printf_x                                0x08000147   Thumb Code     0  _printf_x.o(.ARM.Collect$$_printf_percent$$0000000C)
    _printf_percent_end                      0x08000151   Thumb Code     0  _printf_percent_end.o(.ARM.Collect$$_printf_percent$$00000017)
    __rt_lib_init                            0x08000155   Thumb Code     0  libinit.o(.ARM.Collect$$libinit$$00000000)
    __rt_lib_init_fp_1                       0x08000157   Thumb Code     0  libinit2.o(.ARM.Collect$$libinit$$00000002)
    __rt_lib_init_heap_1                     0x08000157   Thumb Code     0  libinit2.o(.ARM.Collect$$libinit$$0000000A)
    __rt_lib_init_lc_common                  0x08000157   Thumb Code     0  libinit2.o(.ARM.Collect$$libinit$$0000000F)
    __rt_lib_init_preinit_1                  0x08000157   Thumb Code     0  libinit2.o(.ARM.Collect$$libinit$$00000004)
    __rt_lib_init_rand_1                     0x08000157   Thumb Code     0  libinit2.o(.ARM.Collect$$libinit$$0000000E)
    __rt_lib_init_user_alloc_1               0x08000157   Thumb Code     0  libinit2.o(.ARM.Collect$$libinit$$0000000C)
    __rt_lib_init_lc_collate_1               0x0800015d   Thumb Code     0  libinit2.o(.ARM.Collect$$libinit$$00000011)
    __rt_lib_init_lc_ctype_1                 0x0800015d   Thumb Code     0  libinit2.o(.ARM.Collect$$libinit$$00000013)
    __rt_lib_init_lc_monetary_1              0x0800015d   Thumb Code     0  libinit2.o(.ARM.Collect$$libinit$$00000015)
    __rt_lib_init_lc_numeric_2               0x0800015d   Thumb Code     0  libinit2.o(.ARM.Collect$$libinit$$00000016)
    __rt_lib_init_alloca_1                   0x08000167   Thumb Code     0  libinit2.o(.ARM.Collect$$libinit$$0000002E)
    __rt_lib_init_argv_1                     0x08000167   Thumb Code     0  libinit2.o(.ARM.Collect$$libinit$$0000002C)
    __rt_lib_init_atexit_1                   0x08000167   Thumb Code     0  libinit2.o(.ARM.Collect$$libinit$$0000001B)
    __rt_lib_init_clock_1                    0x08000167   Thumb Code     0  libinit2.o(.ARM.Collect$$libinit$$00000021)
    __rt_lib_init_cpp_1                      0x08000167   Thumb Code     0  libinit2.o(.ARM.Collect$$libinit$$00000032)
    __rt_lib_init_exceptions_1               0x08000167   Thumb Code     0  libinit2.o(.ARM.Collect$$libinit$$00000030)
    __rt_lib_init_fp_trap_1                  0x08000167   Thumb Code     0  libinit2.o(.ARM.Collect$$libinit$$0000001F)
    __rt_lib_init_getenv_1                   0x08000167   Thumb Code     0  libinit2.o(.ARM.Collect$$libinit$$00000023)
    __rt_lib_init_lc_numeric_1               0x08000167   Thumb Code     0  libinit2.o(.ARM.Collect$$libinit$$00000017)
    __rt_lib_init_lc_time_1                  0x08000167   Thumb Code     0  libinit2.o(.ARM.Collect$$libinit$$00000019)
    __rt_lib_init_return                     0x08000167   Thumb Code     0  libinit2.o(.ARM.Collect$$libinit$$00000033)
    __rt_lib_init_signal_1                   0x08000167   Thumb Code     0  libinit2.o(.ARM.Collect$$libinit$$0000001D)
    __rt_lib_init_stdio_1                    0x08000167   Thumb Code     0  libinit2.o(.ARM.Collect$$libinit$$00000025)
    __rt_lib_shutdown                        0x08000169   Thumb Code     0  libshutdown.o(.ARM.Collect$$libshutdown$$00000000)
    __rt_lib_shutdown_cpp_1                  0x0800016b   Thumb Code     0  libshutdown2.o(.ARM.Collect$$libshutdown$$00000004)
    __rt_lib_shutdown_fini_1                 0x0800016b   Thumb Code     0  libshutdown2.o(.ARM.Collect$$libshutdown$$00000002)
    __rt_lib_shutdown_fp_trap_1              0x0800016b   Thumb Code     0  libshutdown2.o(.ARM.Collect$$libshutdown$$00000009)
    __rt_lib_shutdown_heap_1                 0x0800016b   Thumb Code     0  libshutdown2.o(.ARM.Collect$$libshutdown$$00000011)
    __rt_lib_shutdown_return                 0x0800016b   Thumb Code     0  libshutdown2.o(.ARM.Collect$$libshutdown$$00000012)
    __rt_lib_shutdown_signal_1               0x0800016b   Thumb Code     0  libshutdown2.o(.ARM.Collect$$libshutdown$$0000000C)
    __rt_lib_shutdown_stdio_1                0x0800016b   Thumb Code     0  libshutdown2.o(.ARM.Collect$$libshutdown$$00000006)
    __rt_lib_shutdown_user_alloc_1           0x0800016b   Thumb Code     0  libshutdown2.o(.ARM.Collect$$libshutdown$$0000000E)
    __rt_entry                               0x0800016d   Thumb Code     0  __rtentry.o(.ARM.Collect$$rtentry$$00000000)
    __rt_entry_presh_1                       0x0800016d   Thumb Code     0  __rtentry2.o(.ARM.Collect$$rtentry$$00000002)
    __rt_entry_sh                            0x0800016d   Thumb Code     0  __rtentry4.o(.ARM.Collect$$rtentry$$00000004)
    __rt_entry_li                            0x08000173   Thumb Code     0  __rtentry2.o(.ARM.Collect$$rtentry$$0000000A)
    __rt_entry_postsh_1                      0x08000173   Thumb Code     0  __rtentry2.o(.ARM.Collect$$rtentry$$00000009)
    __rt_entry_main                          0x08000177   Thumb Code     0  __rtentry2.o(.ARM.Collect$$rtentry$$0000000D)
    __rt_entry_postli_1                      0x08000177   Thumb Code     0  __rtentry2.o(.ARM.Collect$$rtentry$$0000000C)
    __rt_exit                                0x0800017f   Thumb Code     0  rtexit.o(.ARM.Collect$$rtexit$$00000000)
    __rt_exit_ls                             0x08000181   Thumb Code     0  rtexit2.o(.ARM.Collect$$rtexit$$00000003)
    __rt_exit_prels_1                        0x08000181   Thumb Code     0  rtexit2.o(.ARM.Collect$$rtexit$$00000002)
    __rt_exit_exit                           0x08000185   Thumb Code     0  rtexit2.o(.ARM.Collect$$rtexit$$00000004)
    __aeabi_memcpy4                          0x0800018d   Thumb Code    56  rt_memcpy.o(.emb_text)
    __aeabi_memcpy8                          0x0800018d   Thumb Code     0  rt_memcpy.o(.emb_text)
    Reset_Handler                            0x080001c5   Thumb Code     8  startup_stm32f030x8.o(.text)
    ADC1_IRQHandler                          0x080001d7   Thumb Code     0  startup_stm32f030x8.o(.text)
    DMA1_Channel1_IRQHandler                 0x080001d7   Thumb Code     0  startup_stm32f030x8.o(.text)
    DMA1_Channel2_3_IRQHandler               0x080001d7   Thumb Code     0  startup_stm32f030x8.o(.text)
    DMA1_Channel4_5_IRQHandler               0x080001d7   Thumb Code     0  startup_stm32f030x8.o(.text)
    EXTI0_1_IRQHandler                       0x080001d7   Thumb Code     0  startup_stm32f030x8.o(.text)
    EXTI2_3_IRQHandler                       0x080001d7   Thumb Code     0  startup_stm32f030x8.o(.text)
    EXTI4_15_IRQHandler                      0x080001d7   Thumb Code     0  startup_stm32f030x8.o(.text)
    FLASH_IRQHandler                         0x080001d7   Thumb Code     0  startup_stm32f030x8.o(.text)
    I2C1_IRQHandler                          0x080001d7   Thumb Code     0  startup_stm32f030x8.o(.text)
    I2C2_IRQHandler                          0x080001d7   Thumb Code     0  startup_stm32f030x8.o(.text)
    RCC_IRQHandler                           0x080001d7   Thumb Code     0  startup_stm32f030x8.o(.text)
    RTC_IRQHandler                           0x080001d7   Thumb Code     0  startup_stm32f030x8.o(.text)
    SPI1_IRQHandler                          0x080001d7   Thumb Code     0  startup_stm32f030x8.o(.text)
    SPI2_IRQHandler                          0x080001d7   Thumb Code     0  startup_stm32f030x8.o(.text)
    TIM14_IRQHandler                         0x080001d7   Thumb Code     0  startup_stm32f030x8.o(.text)
    TIM15_IRQHandler                         0x080001d7   Thumb Code     0  startup_stm32f030x8.o(.text)
    TIM16_IRQHandler                         0x080001d7   Thumb Code     0  startup_stm32f030x8.o(.text)
    TIM17_IRQHandler                         0x080001d7   Thumb Code     0  startup_stm32f030x8.o(.text)
    TIM1_BRK_UP_TRG_COM_IRQHandler           0x080001d7   Thumb Code     0  startup_stm32f030x8.o(.text)
    TIM1_CC_IRQHandler                       0x080001d7   Thumb Code     0  startup_stm32f030x8.o(.text)
    TIM3_IRQHandler                          0x080001d7   Thumb Code     0  startup_stm32f030x8.o(.text)
    TIM6_IRQHandler                          0x080001d7   Thumb Code     0  startup_stm32f030x8.o(.text)
    USART2_IRQHandler                        0x080001d7   Thumb Code     0  startup_stm32f030x8.o(.text)
    WWDG_IRQHandler                          0x080001d7   Thumb Code     0  startup_stm32f030x8.o(.text)
    __user_initial_stackheap                 0x080001d9   Thumb Code     0  startup_stm32f030x8.o(.text)
    __aeabi_uldivmod                         0x080001fd   Thumb Code   258  lludiv.o(.text)
    _ll_udiv                                 0x080001fd   Thumb Code     0  lludiv.o(.text)
    __2sprintf                               0x08000301   Thumb Code    36  noretval__2sprintf.o(.text)
    _printf_pre_padding                      0x08000329   Thumb Code    44  _printf_pad.o(.text)
    _printf_post_padding                     0x08000355   Thumb Code    34  _printf_pad.o(.text)
    _printf_int_dec                          0x08000379   Thumb Code    90  _printf_dec.o(.text)
    _printf_int_hex                          0x080003e5   Thumb Code    84  _printf_hex_int.o(.text)
    _printf_longlong_hex                     0x080003e5   Thumb Code     0  _printf_hex_int.o(.text)
    __printf                                 0x0800043d   Thumb Code   306  __printf_flags_wp.o(.text)
    strlen                                   0x08000575   Thumb Code    62  strlen.o(.text)
    _memset_w                                0x080005b9   Thumb Code    26  rt_memclr.o(.text)
    _memset                                  0x080005d3   Thumb Code    30  rt_memclr.o(.text)
    __aeabi_memclr                           0x080005f1   Thumb Code     4  rt_memclr.o(.text)
    __rt_memclr                              0x080005f1   Thumb Code     0  rt_memclr.o(.text)
    __aeabi_memclr4                          0x080005f5   Thumb Code     0  rt_memclr.o(.text)
    __aeabi_memclr8                          0x080005f5   Thumb Code     0  rt_memclr.o(.text)
    __rt_memclr_w                            0x080005f5   Thumb Code     4  rt_memclr.o(.text)
    __aeabi_uidiv                            0x080005f9   Thumb Code     0  aeabi_sdiv.o(.text)
    __aeabi_uidivmod                         0x080005f9   Thumb Code    20  aeabi_sdiv.o(.text)
    __aeabi_idiv                             0x0800060d   Thumb Code     0  aeabi_sdiv.o(.text)
    __aeabi_idivmod                          0x0800060d   Thumb Code   326  aeabi_sdiv.o(.text)
    __use_two_region_memory                  0x08000753   Thumb Code     2  heapauxi.o(.text)
    __rt_heap_escrow$2region                 0x08000755   Thumb Code     2  heapauxi.o(.text)
    __rt_heap_expand$2region                 0x08000757   Thumb Code     2  heapauxi.o(.text)
    __aeabi_d2f                              0x08000759   Thumb Code     0  d2f.o(.text)
    _d2f                                     0x08000759   Thumb Code   120  d2f.o(.text)
    __aeabi_dadd                             0x08000acd   Thumb Code     0  daddsub.o(.text)
    _dadd                                    0x08000acd   Thumb Code    26  daddsub.o(.text)
    __aeabi_dsub                             0x08000ae7   Thumb Code     0  daddsub.o(.text)
    _dsub                                    0x08000ae7   Thumb Code    22  daddsub.o(.text)
    __aeabi_drsub                            0x08000afd   Thumb Code     0  daddsub.o(.text)
    _drsb                                    0x08000afd   Thumb Code    28  daddsub.o(.text)
    __aeabi_ddiv                             0x08000b2d   Thumb Code     0  ddiv.o(.text)
    _ddiv                                    0x08000b2d   Thumb Code  1072  ddiv.o(.text)
    _drdiv                                   0x08000f5d   Thumb Code    20  ddiv.o(.text)
    __aeabi_d2iz                             0x08000f75   Thumb Code     0  dfixi.o(.text)
    _dfix                                    0x08000f75   Thumb Code    98  dfixi.o(.text)
    __aeabi_d2uiz                            0x08000fe1   Thumb Code     0  dfixui.o(.text)
    _dfixu                                   0x08000fe1   Thumb Code    68  dfixui.o(.text)
    __aeabi_i2d_normalise                    0x08001029   Thumb Code    66  dflti.o(.text)
    __aeabi_i2d                              0x0800106b   Thumb Code    16  dflti.o(.text)
    _dflt                                    0x0800106b   Thumb Code     0  dflti.o(.text)
    __aeabi_ui2d                             0x0800107b   Thumb Code     6  dflti.o(.text)
    _dfltu                                   0x0800107b   Thumb Code     0  dflti.o(.text)
    __aeabi_dmul                             0x08001081   Thumb Code     0  dmul.o(.text)
    _dmul                                    0x08001081   Thumb Code   558  dmul.o(.text)
    __aeabi_f2d                              0x080012c9   Thumb Code     0  f2d.o(.text)
    _f2d                                     0x080012c9   Thumb Code    80  f2d.o(.text)
    __aeabi_fdiv                             0x0800131d   Thumb Code     0  fdiv.o(.text)
    _fdiv                                    0x0800131d   Thumb Code   334  fdiv.o(.text)
    _frdiv                                   0x0800146b   Thumb Code     8  fdiv.o(.text)
    __aeabi_f2uiz                            0x0800147d   Thumb Code     0  ffixui.o(.text)
    _ffixu                                   0x0800147d   Thumb Code    48  ffixui.o(.text)
    __aeabi_i2f_normalise                    0x080014ad   Thumb Code    72  fflti.o(.text)
    __aeabi_i2f                              0x080014f5   Thumb Code    16  fflti.o(.text)
    _fflt                                    0x080014f5   Thumb Code     0  fflti.o(.text)
    __aeabi_ui2f                             0x08001505   Thumb Code     6  fflti.o(.text)
    _ffltu                                   0x08001505   Thumb Code     0  fflti.o(.text)
    __read_errno                             0x0800150b   Thumb Code    10  _rserrno.o(.text)
    __set_errno                              0x08001515   Thumb Code    12  _rserrno.o(.text)
    _printf_int_common                       0x08001521   Thumb Code   176  _printf_intcommon.o(.text)
    __lib_sel_fp_printf                      0x080015d1   Thumb Code     2  _printf_fp_dec.o(.text)
    _printf_fp_dec_real                      0x0800176f   Thumb Code   620  _printf_fp_dec.o(.text)
    _printf_char_common                      0x080019f3   Thumb Code    32  _printf_char_common.o(.text)
    _sputc                                   0x08001a19   Thumb Code    10  _sputc.o(.text)
    __rt_udiv10                              0x08001a23   Thumb Code    40  rtudiv10.o(.text)
    __fpl_dcmp_InfNaN                        0x08001a4d   Thumb Code   140  dcmpin.o(.text)
    _dsqrt                                   0x08001add   Thumb Code   248  dsqrt.o(.text)
    __rt_locale                              0x08001bdd   Thumb Code     8  rt_locale_intlibspace.o(.text)
    __aeabi_errno_addr                       0x08001be5   Thumb Code     8  rt_errno_addr_intlibspace.o(.text)
    __errno$intlibspace                      0x08001be5   Thumb Code     0  rt_errno_addr_intlibspace.o(.text)
    __rt_errno_addr$intlibspace              0x08001be5   Thumb Code     0  rt_errno_addr_intlibspace.o(.text)
    _ll_udiv10                               0x08001bed   Thumb Code   122  lludiv10.o(.text)
    _printf_fp_infnan                        0x08001c69   Thumb Code   120  _printf_fp_infnan.o(.text)
    _btod_etento                             0x08001cf1   Thumb Code   210  bigflt0.o(.text)
    _btod_d2e                                0x08001dc9   Thumb Code    64  btod.o(.text)
    _btod_emul                               0x080021fd   Thumb Code    28  btod.o(.text)
    _btod_emuld                              0x08002219   Thumb Code   144  btod.o(.text)
    _btod_ediv                               0x080022a9   Thumb Code    26  btod.o(.text)
    _btod_edivd                              0x080022c3   Thumb Code   124  btod.o(.text)
    __fpl_cmpreturn                          0x08002349   Thumb Code    46  cmpret.o(.text)
    __fpl_dcheck_NaN2                        0x08002379   Thumb Code    14  dnan2.o(.text)
    __user_libspace                          0x0800238d   Thumb Code     8  libspace.o(.text)
    __user_perproc_libspace                  0x0800238d   Thumb Code     0  libspace.o(.text)
    __user_perthread_libspace                0x0800238d   Thumb Code     0  libspace.o(.text)
    __user_setup_stackheap                   0x08002395   Thumb Code    62  sys_stackheap_outer.o(.text)
    exit                                     0x080023d3   Thumb Code    16  exit.o(.text)
    strcmp                                   0x080023e5   Thumb Code   132  strcmp.o(.text)
    __fpl_return_NaN                         0x0800246d   Thumb Code    94  retnan.o(.text)
    _sys_exit                                0x080024cd   Thumb Code     8  sys_exit.o(.text)
    __I$use$semihosting                      0x080024d9   Thumb Code     0  use_no_semi.o(.text)
    __use_no_semihosting_swi                 0x080024d9   Thumb Code     2  use_no_semi.o(.text)
    __semihosting_library_function           0x080024db   Thumb Code     0  indicate_semi.o(.text)
    ADE_init                                 0x080024ed   Thumb Code    88  ade7753.o(i.ADE_init)
    EEPROM_Read                              0x0800259d   Thumb Code    28  eeprom.o(i.EEPROM_Read)
    EEPROM_Read_Float                        0x080025b9   Thumb Code    14  eeprom.o(i.EEPROM_Read_Float)
    EEPROM_Write                             0x080025c7   Thumb Code    28  eeprom.o(i.EEPROM_Write)
    EEPROM_Write_Float                       0x080025e3   Thumb Code    14  eeprom.o(i.EEPROM_Write_Float)
    Get_Filtered_Current                     0x080025f1   Thumb Code    12  kalman_filter.o(i.Get_Filtered_Current)
    Get_Filtered_Voltage                     0x08002601   Thumb Code    12  kalman_filter.o(i.Get_Filtered_Voltage)
    HAL_DMA_Abort                            0x08002611   Thumb Code    64  stm32f0xx_hal_dma.o(i.HAL_DMA_Abort)
    HAL_DMA_Abort_IT                         0x08002651   Thumb Code    72  stm32f0xx_hal_dma.o(i.HAL_DMA_Abort_IT)
    HAL_Delay                                0x08002699   Thumb Code    32  stm32f0xx_hal.o(i.HAL_Delay)
    HAL_GPIO_Init                            0x080026bd   Thumb Code   396  stm32f0xx_hal_gpio.o(i.HAL_GPIO_Init)
    HAL_GPIO_WritePin                        0x08002861   Thumb Code    12  stm32f0xx_hal_gpio.o(i.HAL_GPIO_WritePin)
    HAL_GetTick                              0x0800286d   Thumb Code     6  stm32f0xx_hal.o(i.HAL_GetTick)
    HAL_I2CEx_ConfigAnalogFilter             0x08002879   Thumb Code    74  stm32f0xx_hal_i2c_ex.o(i.HAL_I2CEx_ConfigAnalogFilter)
    HAL_I2CEx_ConfigDigitalFilter            0x080028c3   Thumb Code    72  stm32f0xx_hal_i2c_ex.o(i.HAL_I2CEx_ConfigDigitalFilter)
    HAL_I2C_Init                             0x0800290d   Thumb Code   176  stm32f0xx_hal_i2c.o(i.HAL_I2C_Init)
    HAL_I2C_Mem_Read                         0x080029c1   Thumb Code   332  stm32f0xx_hal_i2c.o(i.HAL_I2C_Mem_Read)
    HAL_I2C_Mem_Write                        0x08002b15   Thumb Code   326  stm32f0xx_hal_i2c.o(i.HAL_I2C_Mem_Write)
    HAL_I2C_MspInit                          0x08002c61   Thumb Code    88  stm32f0xx_hal_msp.o(i.HAL_I2C_MspInit)
    HAL_IncTick                              0x08002cc5   Thumb Code    12  stm32f0xx_hal.o(i.HAL_IncTick)
    HAL_Init                                 0x08002cd5   Thumb Code    26  stm32f0xx_hal.o(i.HAL_Init)
    HAL_InitTick                             0x08002cf5   Thumb Code    58  stm32f0xx_hal.o(i.HAL_InitTick)
    HAL_MspInit                              0x08002d39   Thumb Code    34  stm32f0xx_hal_msp.o(i.HAL_MspInit)
    HAL_NVIC_EnableIRQ                       0x08002d61   Thumb Code    18  stm32f0xx_hal_cortex.o(i.HAL_NVIC_EnableIRQ)
    HAL_NVIC_SetPriority                     0x08002d79   Thumb Code     8  stm32f0xx_hal_cortex.o(i.HAL_NVIC_SetPriority)
    HAL_RCCEx_PeriphCLKConfig                0x08002d81   Thumb Code   218  stm32f0xx_hal_rcc_ex.o(i.HAL_RCCEx_PeriphCLKConfig)
    HAL_RCC_ClockConfig                      0x08002e69   Thumb Code   242  stm32f0xx_hal_rcc.o(i.HAL_RCC_ClockConfig)
    HAL_RCC_GetPCLK1Freq                     0x08002f71   Thumb Code    20  stm32f0xx_hal_rcc.o(i.HAL_RCC_GetPCLK1Freq)
    HAL_RCC_GetSysClockFreq                  0x08002f91   Thumb Code    68  stm32f0xx_hal_rcc.o(i.HAL_RCC_GetSysClockFreq)
    HAL_RCC_OscConfig                        0x08002fe5   Thumb Code   890  stm32f0xx_hal_rcc.o(i.HAL_RCC_OscConfig)
    HAL_SPI_Init                             0x0800336d   Thumb Code   238  stm32f0xx_hal_spi.o(i.HAL_SPI_Init)
    HAL_SPI_MspInit                          0x0800345d   Thumb Code   138  stm32f0xx_hal_msp.o(i.HAL_SPI_MspInit)
    HAL_SPI_Receive                          0x080034f9   Thumb Code   360  stm32f0xx_hal_spi.o(i.HAL_SPI_Receive)
    HAL_SPI_Transmit                         0x08003661   Thumb Code   352  stm32f0xx_hal_spi.o(i.HAL_SPI_Transmit)
    HAL_SPI_TransmitReceive                  0x080037c1   Thumb Code   504  stm32f0xx_hal_spi.o(i.HAL_SPI_TransmitReceive)
    HAL_SYSTICK_Config                       0x080039b9   Thumb Code    38  stm32f0xx_hal_cortex.o(i.HAL_SYSTICK_Config)
    HAL_UARTEx_RxEventCallback               0x080039e9   Thumb Code     2  stm32f0xx_hal_uart.o(i.HAL_UARTEx_RxEventCallback)
    HAL_UART_ErrorCallback                   0x080039eb   Thumb Code     2  stm32f0xx_hal_uart.o(i.HAL_UART_ErrorCallback)
    HAL_UART_IRQHandler                      0x080039ed   Thumb Code   648  stm32f0xx_hal_uart.o(i.HAL_UART_IRQHandler)
    HAL_UART_Init                            0x08003c81   Thumb Code   106  stm32f0xx_hal_uart.o(i.HAL_UART_Init)
    HAL_UART_MspInit                         0x08003ced   Thumb Code   106  stm32f0xx_hal_msp.o(i.HAL_UART_MspInit)
    HAL_UART_Receive_IT                      0x08003d61   Thumb Code    88  stm32f0xx_hal_uart.o(i.HAL_UART_Receive_IT)
    HAL_UART_RxCpltCallback                  0x08003db9   Thumb Code    38  rs485.o(i.HAL_UART_RxCpltCallback)
    HAL_UART_Transmit                        0x08003de5   Thumb Code   192  stm32f0xx_hal_uart.o(i.HAL_UART_Transmit)
    HAL_UART_TxCpltCallback                  0x08003ea5   Thumb Code     2  stm32f0xx_hal_uart.o(i.HAL_UART_TxCpltCallback)
    HardFault_Handler                        0x08003ea7   Thumb Code     2  stm32f0xx_it.o(i.HardFault_Handler)
    Kalman_Filters_Init                      0x080041dd   Thumb Code    36  kalman_filter.o(i.Kalman_Filters_Init)
    Kalman_Init                              0x0800420d   Thumb Code    14  kalman_filter.o(i.Kalman_Init)
    Kalman_Update                            0x0800421b   Thumb Code    82  kalman_filter.o(i.Kalman_Update)
    NMI_Handler                              0x08004425   Thumb Code     2  stm32f0xx_it.o(i.NMI_Handler)
    PendSV_Handler                           0x08004427   Thumb Code     2  stm32f0xx_it.o(i.PendSV_Handler)
    RS485_Calculate_CRC                      0x08004429   Thumb Code    44  rs485.o(i.RS485_Calculate_CRC)
    RS485_Handle_Command                     0x0800445d   Thumb Code   164  main.o(i.RS485_Handle_Command)
    RS485_Init                               0x08004509   Thumb Code    28  rs485.o(i.RS485_Init)
    RS485_Process_Data                       0x0800452d   Thumb Code    96  rs485.o(i.RS485_Process_Data)
    RS485_Start_Receive                      0x08004591   Thumb Code    28  rs485.o(i.RS485_Start_Receive)
    SVC_Handler                              0x08004809   Thumb Code     2  stm32f0xx_it.o(i.SVC_Handler)
    SysTick_Handler                          0x0800480b   Thumb Code     8  stm32f0xx_it.o(i.SysTick_Handler)
    SystemClock_Config                       0x08004813   Thumb Code   110  main.o(i.SystemClock_Config)
    SystemInit                               0x08004881   Thumb Code     2  system_stm32f0xx.o(i.SystemInit)
    Test_ADE7753_Mode_Register               0x080048b5   Thumb Code   196  ade7753.o(i.Test_ADE7753_Mode_Register)
    UART_AdvFeatureConfig                    0x08004a3d   Thumb Code   202  stm32f0xx_hal_uart.o(i.UART_AdvFeatureConfig)
    UART_CheckIdleState                      0x08004b09   Thumb Code   190  stm32f0xx_hal_uart.o(i.UART_CheckIdleState)
    UART_SetConfig                           0x08004ddd   Thumb Code   280  stm32f0xx_hal_uart.o(i.UART_SetConfig)
    UART_Start_Receive_IT                    0x08004f0d   Thumb Code   164  stm32f0xx_hal_uart.o(i.UART_Start_Receive_IT)
    UART_WaitOnFlagUntilTimeout              0x08004fbd   Thumb Code   138  stm32f0xx_hal_uart.o(i.UART_WaitOnFlagUntilTimeout)
    USART1_IRQHandler                        0x08005049   Thumb Code    10  stm32f0xx_it.o(i.USART1_IRQHandler)
    __ARM_common_ll_muluu                    0x08005059   Thumb Code    48  stm32f0xx_hal_rcc.o(i.__ARM_common_ll_muluu)
    __ARM_fpclassify                         0x08005089   Thumb Code    40  fpclassify.o(i.__ARM_fpclassify)
    _is_digit                                0x080050f9   Thumb Code    14  __printf_wp.o(i._is_digit)
    addBalance                               0x08005109   Thumb Code    44  main.o(i.addBalance)
    getIRMS                                  0x0800513d   Thumb Code    56  ade7753.o(i.getIRMS)
    getInterruptStatus                       0x08005175   Thumb Code    10  ade7753.o(i.getInterruptStatus)
    getPERIOD                                0x0800517f   Thumb Code    48  ade7753.o(i.getPERIOD)
    getResetInterruptStatus                  0x080051af   Thumb Code    10  ade7753.o(i.getResetInterruptStatus)
    getTEMP                                  0x080051b9   Thumb Code    74  ade7753.o(i.getTEMP)
    getVRMS                                  0x08005203   Thumb Code    56  ade7753.o(i.getVRMS)
    get_Current                              0x0800523d   Thumb Code    70  main.o(i.get_Current)
    get_Frequency                            0x0800528d   Thumb Code    42  main.o(i.get_Frequency)
    get_Power                                0x080052c1   Thumb Code   200  main.o(i.get_Power)
    get_Voltage                              0x08005399   Thumb Code    76  main.o(i.get_Voltage)
    get_temp                                 0x080053f9   Thumb Code    46  main.o(i.get_temp)
    ledStart                                 0x08005431   Thumb Code   126  max7219.o(i.ledStart)
    main                                     0x080054b1   Thumb Code   364  main.o(i.main)
    max7219_Clean                            0x08005649   Thumb Code    34  max7219.o(i.max7219_Clean)
    max7219_Decode_Off                       0x08005671   Thumb Code    16  max7219.o(i.max7219_Decode_Off)
    max7219_Init                             0x08005685   Thumb Code    36  max7219.o(i.max7219_Init)
    max7219_PrintDigit                       0x080056ad   Thumb Code    96  max7219.o(i.max7219_PrintDigit)
    max7219_PrintFloat                       0x08005715   Thumb Code   172  max7219.o(i.max7219_PrintFloat)
    max7219_SendData                         0x080057c5   Thumb Code    54  max7219.o(i.max7219_SendData)
    max7219_SetIntensivity                   0x08005801   Thumb Code    16  max7219.o(i.max7219_SetIntensivity)
    max7219_Turn_On                          0x08005811   Thumb Code    12  max7219.o(i.max7219_Turn_On)
    read16bits                               0x0800581d   Thumb Code    72  ade7753.o(i.read16bits)
    read24bits                               0x08005865   Thumb Code    76  ade7753.o(i.read24bits)
    read24bits_s                             0x080058b1   Thumb Code    76  ade7753.o(i.read24bits_s)
    read8bits_s                              0x080058fd   Thumb Code    50  ade7753.o(i.read8bits_s)
    read_initial_settings                    0x08005965   Thumb Code    62  eeprom.o(i.read_initial_settings)
    reset                                    0x080059b5   Thumb Code    60  ade7753.o(i.reset)
    reset_stm                                0x080059f1   Thumb Code    30  main.o(i.reset_stm)
    send11ByteData                           0x08005a15   Thumb Code   120  main.o(i.send11ByteData)
    setEnergyRate                            0x08005a99   Thumb Code    22  main.o(i.setEnergyRate)
    sqrt                                     0x08005ab9   Thumb Code    66  sqrt.o(i.sqrt)
    uart_log                                 0x08005b59   Thumb Code   362  main.o(i.uart_log)
    write16                                  0x08005d71   Thumb Code   122  ade7753.o(i.write16)
    _get_lc_numeric                          0x08005e41   Thumb Code    44  lc_numeric_c.o(locale$$code)
    __aeabi_cdrcmple                         0x08005e6d   Thumb Code     0  drlef.o(x$fpl$drleqf)
    _drcmple                                 0x08005e6d   Thumb Code   100  drlef.o(x$fpl$drleqf)
    __aeabi_fadd                             0x08005ed5   Thumb Code     0  faddsub.o(x$fpl$fadd)
    _fadd                                    0x08005ed5   Thumb Code   134  faddsub.o(x$fpl$fadd)
    __aeabi_fmul                             0x08005f61   Thumb Code     0  fmul.o(x$fpl$fmul)
    _fmul                                    0x08005f61   Thumb Code   172  fmul.o(x$fpl$fmul)
    __aeabi_fsub                             0x08006011   Thumb Code     0  faddsub.o(x$fpl$fsub)
    _fsub                                    0x08006011   Thumb Code   204  faddsub.o(x$fpl$fsub)
    _printf_fp_dec                           0x080060e1   Thumb Code    16  printf1.o(x$fpl$printf1)
    __I$use$fp                               0x080060f0   Number         0  usenofp.o(x$fpl$usenofp)
    AHBPrescTable                            0x080061b0   Data          16  system_stm32f0xx.o(.constdata)
    APBPrescTable                            0x080061c0   Data           8  system_stm32f0xx.o(.constdata)
    Region$$Table$$Base                      0x08006358   Number         0  anon$$obj.o(Region$$Table)
    Region$$Table$$Limit                     0x08006378   Number         0  anon$$obj.o(Region$$Table)
    CS_PIN                                   0x20000002   Data           2  max7219.o(.data)
    SPI                                      0x20000004   Data           4  max7219.o(.data)
    CS_PORT                                  0x20000008   Data           4  max7219.o(.data)
    temp_val                                 0x20000020   Data           1  main.o(.data)
    vA                                       0x20000024   Data           4  main.o(.data)
    vB                                       0x20000028   Data           4  main.o(.data)
    iA                                       0x2000002c   Data           4  main.o(.data)
    iB                                       0x20000030   Data           4  main.o(.data)
    balance                                  0x20000034   Data           4  main.o(.data)
    energy_rate                              0x20000038   Data           4  main.o(.data)
    rate_calc_energy                         0x2000003c   Data           4  main.o(.data)
    period_val                               0x20000040   Data           4  main.o(.data)
    freq_dec                                 0x20000044   Data           4  main.o(.data)
    voltage_reg                              0x20000048   Data           4  main.o(.data)
    voltage_dec                              0x2000004c   Data           4  main.o(.data)
    current_reg                              0x20000050   Data           4  main.o(.data)
    current_dec                              0x20000054   Data           4  main.o(.data)
    temp_dec                                 0x20000058   Data           4  main.o(.data)
    P_power_reg                              0x2000005c   Data           4  main.o(.data)
    S_power_reg                              0x20000060   Data           4  main.o(.data)
    Q_power_reg                              0x20000064   Data           4  main.o(.data)
    P_power_dec                              0x20000068   Data           4  main.o(.data)
    Q_power_dec                              0x2000006c   Data           4  main.o(.data)
    S_power_dec                              0x20000070   Data           4  main.o(.data)
    FP_dec                                   0x20000074   Data           4  main.o(.data)
    millis_energy                            0x20000078   Data           4  main.o(.data)
    voltage_real                             0x20000080   Data           8  main.o(.data)
    current_real                             0x20000088   Data           8  main.o(.data)
    energy                                   0x20000090   Data           8  main.o(.data)
    old_energy                               0x20000098   Data           8  main.o(.data)
    uwTickFreq                               0x200000a0   Data           1  stm32f0xx_hal.o(.data)
    uwTickPrio                               0x200000a4   Data           4  stm32f0xx_hal.o(.data)
    uwTick                                   0x200000a8   Data           4  stm32f0xx_hal.o(.data)
    SystemCoreClock                          0x200000ac   Data           4  system_stm32f0xx.o(.data)
    hi2c1                                    0x200000b0   Data          84  main.o(.bss)
    hspi1                                    0x20000104   Data         100  main.o(.bss)
    hspi2                                    0x20000168   Data         100  main.o(.bss)
    huart1                                   0x200001cc   Data         136  main.o(.bss)
    ADE_test                                 0x20000254   Data          12  main.o(.bss)
    data_tx                                  0x20000260   Data         100  main.o(.bss)
    buff_11                                  0x200002c4   Data          11  main.o(.bss)
    rx_buffer                                0x200002cf   Data          11  rs485.o(.bss)
    current_filter                           0x200002dc   Data          20  kalman_filter.o(.bss)
    voltage_filter                           0x200002f0   Data          20  kalman_filter.o(.bss)
    __libspace_start                         0x20000304   Data          96  libspace.o(.bss)
    __temporary_stack_top$libspace           0x20000364   Data           0  libspace.o(.bss)



==============================================================================

Memory Map of the image

  Image Entry point : 0x080000b5

  Load Region LR_IROM1 (Base: 0x08000000, Size: 0x00006444, Max: 0x00010000, ABSOLUTE)

    Execution Region ER_IROM1 (Exec base: 0x08000000, Load base: 0x08000000, Size: 0x00006394, Max: 0x00010000, ABSOLUTE)

    Exec Addr    Load Addr    Size         Type   Attr      Idx    E Section Name        Object

    0x08000000   0x08000000   0x000000b4   Data   RO            3    RESET               startup_stm32f030x8.o
    0x080000b4   0x080000b4   0x00000008   Code   RO         3227  * !!!main             c_p.l(__main.o)
    0x080000bc   0x080000bc   0x0000003c   Code   RO         3504    !!!scatter          c_p.l(__scatter.o)
    0x080000f8   0x080000f8   0x0000001a   Code   RO         3506    !!handler_copy      c_p.l(__scatter_copy.o)
    0x08000112   0x08000112   0x00000002   PAD
    0x08000114   0x08000114   0x0000001c   Code   RO         3508    !!handler_zi        c_p.l(__scatter_zi.o)
    0x08000130   0x08000130   0x00000002   Code   RO         3212    .ARM.Collect$$_printf_percent$$00000000  c_p.l(_printf_percent.o)
    0x08000132   0x08000132   0x0000000a   Code   RO         3211    .ARM.Collect$$_printf_percent$$00000003  c_p.l(_printf_f.o)
    0x0800013c   0x0800013c   0x0000000a   Code   RO         3210    .ARM.Collect$$_printf_percent$$00000009  c_p.l(_printf_d.o)
    0x08000146   0x08000146   0x0000000a   Code   RO         3209    .ARM.Collect$$_printf_percent$$0000000C  c_p.l(_printf_x.o)
    0x08000150   0x08000150   0x00000004   Code   RO         3294    .ARM.Collect$$_printf_percent$$00000017  c_p.l(_printf_percent_end.o)
    0x08000154   0x08000154   0x00000002   Code   RO         3372    .ARM.Collect$$libinit$$00000000  c_p.l(libinit.o)
    0x08000156   0x08000156   0x00000000   Code   RO         3374    .ARM.Collect$$libinit$$00000002  c_p.l(libinit2.o)
    0x08000156   0x08000156   0x00000000   Code   RO         3376    .ARM.Collect$$libinit$$00000004  c_p.l(libinit2.o)
    0x08000156   0x08000156   0x00000000   Code   RO         3379    .ARM.Collect$$libinit$$0000000A  c_p.l(libinit2.o)
    0x08000156   0x08000156   0x00000000   Code   RO         3381    .ARM.Collect$$libinit$$0000000C  c_p.l(libinit2.o)
    0x08000156   0x08000156   0x00000000   Code   RO         3383    .ARM.Collect$$libinit$$0000000E  c_p.l(libinit2.o)
    0x08000156   0x08000156   0x00000006   Code   RO         3384    .ARM.Collect$$libinit$$0000000F  c_p.l(libinit2.o)
    0x0800015c   0x0800015c   0x00000000   Code   RO         3386    .ARM.Collect$$libinit$$00000011  c_p.l(libinit2.o)
    0x0800015c   0x0800015c   0x00000000   Code   RO         3388    .ARM.Collect$$libinit$$00000013  c_p.l(libinit2.o)
    0x0800015c   0x0800015c   0x00000000   Code   RO         3390    .ARM.Collect$$libinit$$00000015  c_p.l(libinit2.o)
    0x0800015c   0x0800015c   0x0000000a   Code   RO         3391    .ARM.Collect$$libinit$$00000016  c_p.l(libinit2.o)
    0x08000166   0x08000166   0x00000000   Code   RO         3392    .ARM.Collect$$libinit$$00000017  c_p.l(libinit2.o)
    0x08000166   0x08000166   0x00000000   Code   RO         3394    .ARM.Collect$$libinit$$00000019  c_p.l(libinit2.o)
    0x08000166   0x08000166   0x00000000   Code   RO         3396    .ARM.Collect$$libinit$$0000001B  c_p.l(libinit2.o)
    0x08000166   0x08000166   0x00000000   Code   RO         3398    .ARM.Collect$$libinit$$0000001D  c_p.l(libinit2.o)
    0x08000166   0x08000166   0x00000000   Code   RO         3400    .ARM.Collect$$libinit$$0000001F  c_p.l(libinit2.o)
    0x08000166   0x08000166   0x00000000   Code   RO         3402    .ARM.Collect$$libinit$$00000021  c_p.l(libinit2.o)
    0x08000166   0x08000166   0x00000000   Code   RO         3404    .ARM.Collect$$libinit$$00000023  c_p.l(libinit2.o)
    0x08000166   0x08000166   0x00000000   Code   RO         3406    .ARM.Collect$$libinit$$00000025  c_p.l(libinit2.o)
    0x08000166   0x08000166   0x00000000   Code   RO         3410    .ARM.Collect$$libinit$$0000002C  c_p.l(libinit2.o)
    0x08000166   0x08000166   0x00000000   Code   RO         3412    .ARM.Collect$$libinit$$0000002E  c_p.l(libinit2.o)
    0x08000166   0x08000166   0x00000000   Code   RO         3414    .ARM.Collect$$libinit$$00000030  c_p.l(libinit2.o)
    0x08000166   0x08000166   0x00000000   Code   RO         3416    .ARM.Collect$$libinit$$00000032  c_p.l(libinit2.o)
    0x08000166   0x08000166   0x00000002   Code   RO         3417    .ARM.Collect$$libinit$$00000033  c_p.l(libinit2.o)
    0x08000168   0x08000168   0x00000002   Code   RO         3467    .ARM.Collect$$libshutdown$$00000000  c_p.l(libshutdown.o)
    0x0800016a   0x0800016a   0x00000000   Code   RO         3485    .ARM.Collect$$libshutdown$$00000002  c_p.l(libshutdown2.o)
    0x0800016a   0x0800016a   0x00000000   Code   RO         3487    .ARM.Collect$$libshutdown$$00000004  c_p.l(libshutdown2.o)
    0x0800016a   0x0800016a   0x00000000   Code   RO         3489    .ARM.Collect$$libshutdown$$00000006  c_p.l(libshutdown2.o)
    0x0800016a   0x0800016a   0x00000000   Code   RO         3492    .ARM.Collect$$libshutdown$$00000009  c_p.l(libshutdown2.o)
    0x0800016a   0x0800016a   0x00000000   Code   RO         3495    .ARM.Collect$$libshutdown$$0000000C  c_p.l(libshutdown2.o)
    0x0800016a   0x0800016a   0x00000000   Code   RO         3497    .ARM.Collect$$libshutdown$$0000000E  c_p.l(libshutdown2.o)
    0x0800016a   0x0800016a   0x00000000   Code   RO         3500    .ARM.Collect$$libshutdown$$00000011  c_p.l(libshutdown2.o)
    0x0800016a   0x0800016a   0x00000002   Code   RO         3501    .ARM.Collect$$libshutdown$$00000012  c_p.l(libshutdown2.o)
    0x0800016c   0x0800016c   0x00000000   Code   RO         3275    .ARM.Collect$$rtentry$$00000000  c_p.l(__rtentry.o)
    0x0800016c   0x0800016c   0x00000000   Code   RO         3305    .ARM.Collect$$rtentry$$00000002  c_p.l(__rtentry2.o)
    0x0800016c   0x0800016c   0x00000006   Code   RO         3317    .ARM.Collect$$rtentry$$00000004  c_p.l(__rtentry4.o)
    0x08000172   0x08000172   0x00000000   Code   RO         3307    .ARM.Collect$$rtentry$$00000009  c_p.l(__rtentry2.o)
    0x08000172   0x08000172   0x00000004   Code   RO         3308    .ARM.Collect$$rtentry$$0000000A  c_p.l(__rtentry2.o)
    0x08000176   0x08000176   0x00000000   Code   RO         3310    .ARM.Collect$$rtentry$$0000000C  c_p.l(__rtentry2.o)
    0x08000176   0x08000176   0x00000008   Code   RO         3311    .ARM.Collect$$rtentry$$0000000D  c_p.l(__rtentry2.o)
    0x0800017e   0x0800017e   0x00000002   Code   RO         3421    .ARM.Collect$$rtexit$$00000000  c_p.l(rtexit.o)
    0x08000180   0x08000180   0x00000000   Code   RO         3436    .ARM.Collect$$rtexit$$00000002  c_p.l(rtexit2.o)
    0x08000180   0x08000180   0x00000004   Code   RO         3437    .ARM.Collect$$rtexit$$00000003  c_p.l(rtexit2.o)
    0x08000184   0x08000184   0x00000006   Code   RO         3438    .ARM.Collect$$rtexit$$00000004  c_p.l(rtexit2.o)
    0x0800018a   0x0800018a   0x00000002   PAD
    0x0800018c   0x0800018c   0x00000038   Code   RO         3215    .emb_text           c_p.l(rt_memcpy.o)
    0x080001c4   0x080001c4   0x00000038   Code   RO            4    .text               startup_stm32f030x8.o
    0x080001fc   0x080001fc   0x00000102   Code   RO         3156    .text               c_p.l(lludiv.o)
    0x080002fe   0x080002fe   0x00000002   PAD
    0x08000300   0x08000300   0x00000028   Code   RO         3160    .text               c_p.l(noretval__2sprintf.o)
    0x08000328   0x08000328   0x0000004e   Code   RO         3164    .text               c_p.l(_printf_pad.o)
    0x08000376   0x08000376   0x00000002   PAD
    0x08000378   0x08000378   0x0000006c   Code   RO         3166    .text               c_p.l(_printf_dec.o)
    0x080003e4   0x080003e4   0x00000058   Code   RO         3171    .text               c_p.l(_printf_hex_int.o)
    0x0800043c   0x0800043c   0x00000138   Code   RO         3201    .text               c_p.l(__printf_flags_wp.o)
    0x08000574   0x08000574   0x00000044   Code   RO         3213    .text               c_p.l(strlen.o)
    0x080005b8   0x080005b8   0x00000040   Code   RO         3219    .text               c_p.l(rt_memclr.o)
    0x080005f8   0x080005f8   0x0000015a   Code   RO         3221    .text               c_p.l(aeabi_sdiv.o)
    0x08000752   0x08000752   0x00000006   Code   RO         3225    .text               c_p.l(heapauxi.o)
    0x08000758   0x08000758   0x0000007c   Code   RO         3229    .text               fz_ps.l(d2f.o)
    0x080007d4   0x080007d4   0x00000358   Code   RO         3231    .text               fz_ps.l(daddsub.o)
    0x08000b2c   0x08000b2c   0x00000448   Code   RO         3233    .text               fz_ps.l(ddiv.o)
    0x08000f74   0x08000f74   0x0000006c   Code   RO         3236    .text               fz_ps.l(dfixi.o)
    0x08000fe0   0x08000fe0   0x00000048   Code   RO         3238    .text               fz_ps.l(dfixui.o)
    0x08001028   0x08001028   0x00000058   Code   RO         3240    .text               fz_ps.l(dflti.o)
    0x08001080   0x08001080   0x00000248   Code   RO         3242    .text               fz_ps.l(dmul.o)
    0x080012c8   0x080012c8   0x00000054   Code   RO         3246    .text               fz_ps.l(f2d.o)
    0x0800131c   0x0800131c   0x00000160   Code   RO         3254    .text               fz_ps.l(fdiv.o)
    0x0800147c   0x0800147c   0x00000030   Code   RO         3259    .text               fz_ps.l(ffixui.o)
    0x080014ac   0x080014ac   0x0000005e   Code   RO         3261    .text               fz_ps.l(fflti.o)
    0x0800150a   0x0800150a   0x00000016   Code   RO         3284    .text               c_p.l(_rserrno.o)
    0x08001520   0x08001520   0x000000b0   Code   RO         3286    .text               c_p.l(_printf_intcommon.o)
    0x080015d0   0x080015d0   0x00000418   Code   RO         3288    .text               c_p.l(_printf_fp_dec.o)
    0x080019e8   0x080019e8   0x00000030   Code   RO         3290    .text               c_p.l(_printf_char_common.o)
    0x08001a18   0x08001a18   0x0000000a   Code   RO         3292    .text               c_p.l(_sputc.o)
    0x08001a22   0x08001a22   0x00000028   Code   RO         3295    .text               c_p.l(rtudiv10.o)
    0x08001a4a   0x08001a4a   0x00000002   PAD
    0x08001a4c   0x08001a4c   0x00000090   Code   RO         3297    .text               fz_ps.l(dcmpin.o)
    0x08001adc   0x08001adc   0x00000100   Code   RO         3301    .text               fz_ps.l(dsqrt.o)
    0x08001bdc   0x08001bdc   0x00000008   Code   RO         3324    .text               c_p.l(rt_locale_intlibspace.o)
    0x08001be4   0x08001be4   0x00000008   Code   RO         3329    .text               c_p.l(rt_errno_addr_intlibspace.o)
    0x08001bec   0x08001bec   0x0000007a   Code   RO         3331    .text               c_p.l(lludiv10.o)
    0x08001c66   0x08001c66   0x00000002   PAD
    0x08001c68   0x08001c68   0x00000088   Code   RO         3333    .text               c_p.l(_printf_fp_infnan.o)
    0x08001cf0   0x08001cf0   0x000000d8   Code   RO         3337    .text               c_p.l(bigflt0.o)
    0x08001dc8   0x08001dc8   0x00000580   Code   RO         3340    .text               c_p.l(btod.o)
    0x08002348   0x08002348   0x0000002e   Code   RO         3345    .text               fz_ps.l(cmpret.o)
    0x08002376   0x08002376   0x00000002   PAD
    0x08002378   0x08002378   0x00000014   Code   RO         3347    .text               fz_ps.l(dnan2.o)
    0x0800238c   0x0800238c   0x00000008   Code   RO         3353    .text               c_p.l(libspace.o)
    0x08002394   0x08002394   0x0000003e   Code   RO         3356    .text               c_p.l(sys_stackheap_outer.o)
    0x080023d2   0x080023d2   0x00000010   Code   RO         3359    .text               c_p.l(exit.o)
    0x080023e2   0x080023e2   0x00000002   PAD
    0x080023e4   0x080023e4   0x00000088   Code   RO         3365    .text               c_p.l(strcmp.o)
    0x0800246c   0x0800246c   0x0000005e   Code   RO         3418    .text               fz_ps.l(retnan.o)
    0x080024ca   0x080024ca   0x00000002   PAD
    0x080024cc   0x080024cc   0x0000000c   Code   RO         3433    .text               c_p.l(sys_exit.o)
    0x080024d8   0x080024d8   0x00000002   Code   RO         3454    .text               c_p.l(use_no_semi.o)
    0x080024da   0x080024da   0x00000000   Code   RO         3456    .text               c_p.l(indicate_semi.o)
    0x080024da   0x080024da   0x00000010   Code   RO          253    i.ADE7753_CS        ade7753.o
    0x080024ea   0x080024ea   0x00000002   PAD
    0x080024ec   0x080024ec   0x000000b0   Code   RO          254    i.ADE_init          ade7753.o
    0x0800259c   0x0800259c   0x0000001c   Code   RO          875    i.EEPROM_Read       eeprom.o
    0x080025b8   0x080025b8   0x0000000e   Code   RO          876    i.EEPROM_Read_Float  eeprom.o
    0x080025c6   0x080025c6   0x0000001c   Code   RO          877    i.EEPROM_Write      eeprom.o
    0x080025e2   0x080025e2   0x0000000e   Code   RO          878    i.EEPROM_Write_Float  eeprom.o
    0x080025f0   0x080025f0   0x00000010   Code   RO          831    i.Get_Filtered_Current  kalman_filter.o
    0x08002600   0x08002600   0x00000010   Code   RO          832    i.Get_Filtered_Voltage  kalman_filter.o
    0x08002610   0x08002610   0x00000040   Code   RO         1782    i.HAL_DMA_Abort     stm32f0xx_hal_dma.o
    0x08002650   0x08002650   0x00000048   Code   RO         1783    i.HAL_DMA_Abort_IT  stm32f0xx_hal_dma.o
    0x08002698   0x08002698   0x00000024   Code   RO         1565    i.HAL_Delay         stm32f0xx_hal.o
    0x080026bc   0x080026bc   0x000001a4   Code   RO         1721    i.HAL_GPIO_Init     stm32f0xx_hal_gpio.o
    0x08002860   0x08002860   0x0000000c   Code   RO         1725    i.HAL_GPIO_WritePin  stm32f0xx_hal_gpio.o
    0x0800286c   0x0800286c   0x0000000c   Code   RO         1569    i.HAL_GetTick       stm32f0xx_hal.o
    0x08002878   0x08002878   0x0000004a   Code   RO         1395    i.HAL_I2CEx_ConfigAnalogFilter  stm32f0xx_hal_i2c_ex.o
    0x080028c2   0x080028c2   0x00000048   Code   RO         1396    i.HAL_I2CEx_ConfigDigitalFilter  stm32f0xx_hal_i2c_ex.o
    0x0800290a   0x0800290a   0x00000002   PAD
    0x0800290c   0x0800290c   0x000000b4   Code   RO          938    i.HAL_I2C_Init      stm32f0xx_hal_i2c.o
    0x080029c0   0x080029c0   0x00000154   Code   RO          956    i.HAL_I2C_Mem_Read  stm32f0xx_hal_i2c.o
    0x08002b14   0x08002b14   0x0000014c   Code   RO          959    i.HAL_I2C_Mem_Write  stm32f0xx_hal_i2c.o
    0x08002c60   0x08002c60   0x00000064   Code   RO          778    i.HAL_I2C_MspInit   stm32f0xx_hal_msp.o
    0x08002cc4   0x08002cc4   0x00000010   Code   RO         1575    i.HAL_IncTick       stm32f0xx_hal.o
    0x08002cd4   0x08002cd4   0x00000020   Code   RO         1576    i.HAL_Init          stm32f0xx_hal.o
    0x08002cf4   0x08002cf4   0x00000044   Code   RO         1577    i.HAL_InitTick      stm32f0xx_hal.o
    0x08002d38   0x08002d38   0x00000028   Code   RO          779    i.HAL_MspInit       stm32f0xx_hal_msp.o
    0x08002d60   0x08002d60   0x00000018   Code   RO         1880    i.HAL_NVIC_EnableIRQ  stm32f0xx_hal_cortex.o
    0x08002d78   0x08002d78   0x00000008   Code   RO         1884    i.HAL_NVIC_SetPriority  stm32f0xx_hal_cortex.o
    0x08002d80   0x08002d80   0x000000e8   Code   RO         1530    i.HAL_RCCEx_PeriphCLKConfig  stm32f0xx_hal_rcc_ex.o
    0x08002e68   0x08002e68   0x00000108   Code   RO         1434    i.HAL_RCC_ClockConfig  stm32f0xx_hal_rcc.o
    0x08002f70   0x08002f70   0x00000020   Code   RO         1441    i.HAL_RCC_GetPCLK1Freq  stm32f0xx_hal_rcc.o
    0x08002f90   0x08002f90   0x00000054   Code   RO         1442    i.HAL_RCC_GetSysClockFreq  stm32f0xx_hal_rcc.o
    0x08002fe4   0x08002fe4   0x00000388   Code   RO         1445    i.HAL_RCC_OscConfig  stm32f0xx_hal_rcc.o
    0x0800336c   0x0800336c   0x000000ee   Code   RO         2331    i.HAL_SPI_Init      stm32f0xx_hal_spi.o
    0x0800345a   0x0800345a   0x00000002   PAD
    0x0800345c   0x0800345c   0x0000009c   Code   RO          781    i.HAL_SPI_MspInit   stm32f0xx_hal_msp.o
    0x080034f8   0x080034f8   0x00000168   Code   RO         2334    i.HAL_SPI_Receive   stm32f0xx_hal_spi.o
    0x08003660   0x08003660   0x00000160   Code   RO         2339    i.HAL_SPI_Transmit  stm32f0xx_hal_spi.o
    0x080037c0   0x080037c0   0x000001f8   Code   RO         2340    i.HAL_SPI_TransmitReceive  stm32f0xx_hal_spi.o
    0x080039b8   0x080039b8   0x00000030   Code   RO         1888    i.HAL_SYSTICK_Config  stm32f0xx_hal_cortex.o
    0x080039e8   0x080039e8   0x00000002   Code   RO         2698    i.HAL_UARTEx_RxEventCallback  stm32f0xx_hal_uart.o
    0x080039ea   0x080039ea   0x00000002   Code   RO         2714    i.HAL_UART_ErrorCallback  stm32f0xx_hal_uart.o
    0x080039ec   0x080039ec   0x00000294   Code   RO         2717    i.HAL_UART_IRQHandler  stm32f0xx_hal_uart.o
    0x08003c80   0x08003c80   0x0000006a   Code   RO         2718    i.HAL_UART_Init     stm32f0xx_hal_uart.o
    0x08003cea   0x08003cea   0x00000002   PAD
    0x08003cec   0x08003cec   0x00000074   Code   RO          783    i.HAL_UART_MspInit  stm32f0xx_hal_msp.o
    0x08003d60   0x08003d60   0x00000058   Code   RO         2723    i.HAL_UART_Receive_IT  stm32f0xx_hal_uart.o
    0x08003db8   0x08003db8   0x0000002c   Code   RO          671    i.HAL_UART_RxCpltCallback  rs485.o
    0x08003de4   0x08003de4   0x000000c0   Code   RO         2727    i.HAL_UART_Transmit  stm32f0xx_hal_uart.o
    0x08003ea4   0x08003ea4   0x00000002   Code   RO         2730    i.HAL_UART_TxCpltCallback  stm32f0xx_hal_uart.o
    0x08003ea6   0x08003ea6   0x00000002   Code   RO          724    i.HardFault_Handler  stm32f0xx_it.o
    0x08003ea8   0x08003ea8   0x00000022   Code   RO          985    i.I2C_Flush_TXDR    stm32f0xx_hal_i2c.o
    0x08003eca   0x08003eca   0x00000002   PAD
    0x08003ecc   0x08003ecc   0x00000110   Code   RO          993    i.I2C_IsErrorOccurred  stm32f0xx_hal_i2c.o
    0x08003fdc   0x08003fdc   0x00000060   Code   RO          998    i.I2C_RequestMemoryRead  stm32f0xx_hal_i2c.o
    0x0800403c   0x0800403c   0x00000060   Code   RO          999    i.I2C_RequestMemoryWrite  stm32f0xx_hal_i2c.o
    0x0800409c   0x0800409c   0x0000002c   Code   RO         1002    i.I2C_TransferConfig  stm32f0xx_hal_i2c.o
    0x080040c8   0x080040c8   0x00000062   Code   RO         1004    i.I2C_WaitOnFlagUntilTimeout  stm32f0xx_hal_i2c.o
    0x0800412a   0x0800412a   0x00000056   Code   RO         1006    i.I2C_WaitOnSTOPFlagUntilTimeout  stm32f0xx_hal_i2c.o
    0x08004180   0x08004180   0x0000005a   Code   RO         1007    i.I2C_WaitOnTXISFlagUntilTimeout  stm32f0xx_hal_i2c.o
    0x080041da   0x080041da   0x00000002   PAD
    0x080041dc   0x080041dc   0x00000030   Code   RO          833    i.Kalman_Filters_Init  kalman_filter.o
    0x0800420c   0x0800420c   0x0000000e   Code   RO          834    i.Kalman_Init       kalman_filter.o
    0x0800421a   0x0800421a   0x00000052   Code   RO          835    i.Kalman_Update     kalman_filter.o
    0x0800426c   0x0800426c   0x00000090   Code   RO          519    i.MX_GPIO_Init      main.o
    0x080042fc   0x080042fc   0x00000058   Code   RO          520    i.MX_I2C1_Init      main.o
    0x08004354   0x08004354   0x0000004c   Code   RO          521    i.MX_SPI1_Init      main.o
    0x080043a0   0x080043a0   0x0000004c   Code   RO          522    i.MX_SPI2_Init      main.o
    0x080043ec   0x080043ec   0x00000038   Code   RO          523    i.MX_USART1_UART_Init  main.o
    0x08004424   0x08004424   0x00000002   Code   RO          725    i.NMI_Handler       stm32f0xx_it.o
    0x08004426   0x08004426   0x00000002   Code   RO          726    i.PendSV_Handler    stm32f0xx_it.o
    0x08004428   0x08004428   0x00000034   Code   RO          672    i.RS485_Calculate_CRC  rs485.o
    0x0800445c   0x0800445c   0x000000ac   Code   RO          524    i.RS485_Handle_Command  main.o
    0x08004508   0x08004508   0x00000024   Code   RO          673    i.RS485_Init        rs485.o
    0x0800452c   0x0800452c   0x00000064   Code   RO          674    i.RS485_Process_Data  rs485.o
    0x08004590   0x08004590   0x00000024   Code   RO          676    i.RS485_Start_Receive  rs485.o
    0x080045b4   0x080045b4   0x00000078   Code   RO         2368    i.SPI_EndRxTransaction  stm32f0xx_hal_spi.o
    0x0800462c   0x0800462c   0x0000004c   Code   RO         2369    i.SPI_EndRxTxTransaction  stm32f0xx_hal_spi.o
    0x08004678   0x08004678   0x000000d8   Code   RO         2374    i.SPI_WaitFifoStateUntilTimeout  stm32f0xx_hal_spi.o
    0x08004750   0x08004750   0x000000b8   Code   RO         2375    i.SPI_WaitFlagStateUntilTimeout  stm32f0xx_hal_spi.o
    0x08004808   0x08004808   0x00000002   Code   RO          727    i.SVC_Handler       stm32f0xx_it.o
    0x0800480a   0x0800480a   0x00000008   Code   RO          728    i.SysTick_Handler   stm32f0xx_it.o
    0x08004812   0x08004812   0x0000006e   Code   RO          525    i.SystemClock_Config  main.o
    0x08004880   0x08004880   0x00000002   Code   RO         3121    i.SystemInit        system_stm32f0xx.o
    0x08004882   0x08004882   0x00000030   Code   RO          255    i.TM_SPI_Send       ade7753.o
    0x080048b2   0x080048b2   0x00000002   PAD
    0x080048b4   0x080048b4   0x00000188   Code   RO          256    i.Test_ADE7753_Mode_Register  ade7753.o
    0x08004a3c   0x08004a3c   0x000000ca   Code   RO         2732    i.UART_AdvFeatureConfig  stm32f0xx_hal_uart.o
    0x08004b06   0x08004b06   0x00000002   PAD
    0x08004b08   0x08004b08   0x000000c4   Code   RO         2733    i.UART_CheckIdleState  stm32f0xx_hal_uart.o
    0x08004bcc   0x08004bcc   0x00000014   Code   RO         2734    i.UART_DMAAbortOnError  stm32f0xx_hal_uart.o
    0x08004be0   0x08004be0   0x00000060   Code   RO         2744    i.UART_EndRxTransfer  stm32f0xx_hal_uart.o
    0x08004c40   0x08004c40   0x000000ce   Code   RO         2746    i.UART_RxISR_16BIT  stm32f0xx_hal_uart.o
    0x08004d0e   0x08004d0e   0x000000ce   Code   RO         2747    i.UART_RxISR_8BIT   stm32f0xx_hal_uart.o
    0x08004ddc   0x08004ddc   0x00000130   Code   RO         2748    i.UART_SetConfig    stm32f0xx_hal_uart.o
    0x08004f0c   0x08004f0c   0x000000b0   Code   RO         2750    i.UART_Start_Receive_IT  stm32f0xx_hal_uart.o
    0x08004fbc   0x08004fbc   0x0000008a   Code   RO         2753    i.UART_WaitOnFlagUntilTimeout  stm32f0xx_hal_uart.o
    0x08005046   0x08005046   0x00000002   PAD
    0x08005048   0x08005048   0x00000010   Code   RO          729    i.USART1_IRQHandler  stm32f0xx_it.o
    0x08005058   0x08005058   0x00000030   Code   RO         1520    i.__ARM_common_ll_muluu  stm32f0xx_hal_rcc.o
    0x08005088   0x08005088   0x0000002c   Code   RO         3351    i.__ARM_fpclassify  m_ps.l(fpclassify.o)
    0x080050b4   0x080050b4   0x00000044   Code   RO         1890    i.__NVIC_SetPriority  stm32f0xx_hal_cortex.o
    0x080050f8   0x080050f8   0x0000000e   Code   RO         3199    i._is_digit         c_p.l(__printf_wp.o)
    0x08005106   0x08005106   0x00000002   PAD
    0x08005108   0x08005108   0x00000034   Code   RO          526    i.addBalance        main.o
    0x0800513c   0x0800513c   0x00000038   Code   RO          259    i.getIRMS           ade7753.o
    0x08005174   0x08005174   0x0000000a   Code   RO          260    i.getInterruptStatus  ade7753.o
    0x0800517e   0x0800517e   0x00000030   Code   RO          261    i.getPERIOD         ade7753.o
    0x080051ae   0x080051ae   0x0000000a   Code   RO          263    i.getResetInterruptStatus  ade7753.o
    0x080051b8   0x080051b8   0x0000004a   Code   RO          264    i.getTEMP           ade7753.o
    0x08005202   0x08005202   0x00000038   Code   RO          265    i.getVRMS           ade7753.o
    0x0800523a   0x0800523a   0x00000002   PAD
    0x0800523c   0x0800523c   0x00000050   Code   RO          528    i.get_Current       main.o
    0x0800528c   0x0800528c   0x00000034   Code   RO          529    i.get_Frequency     main.o
    0x080052c0   0x080052c0   0x000000d8   Code   RO          530    i.get_Power         main.o
    0x08005398   0x08005398   0x00000060   Code   RO          531    i.get_Voltage       main.o
    0x080053f8   0x080053f8   0x00000038   Code   RO          532    i.get_temp          main.o
    0x08005430   0x08005430   0x0000007e   Code   RO           13    i.ledStart          max7219.o
    0x080054ae   0x080054ae   0x00000002   PAD
    0x080054b0   0x080054b0   0x00000198   Code   RO          533    i.main              main.o
    0x08005648   0x08005648   0x00000028   Code   RO           14    i.max7219_Clean     max7219.o
    0x08005670   0x08005670   0x00000014   Code   RO           15    i.max7219_Decode_Off  max7219.o
    0x08005684   0x08005684   0x00000028   Code   RO           17    i.max7219_Init      max7219.o
    0x080056ac   0x080056ac   0x00000068   Code   RO           18    i.max7219_PrintDigit  max7219.o
    0x08005714   0x08005714   0x000000b0   Code   RO           19    i.max7219_PrintFloat  max7219.o
    0x080057c4   0x080057c4   0x0000003c   Code   RO           23    i.max7219_SendData  max7219.o
    0x08005800   0x08005800   0x00000010   Code   RO           24    i.max7219_SetIntensivity  max7219.o
    0x08005810   0x08005810   0x0000000c   Code   RO           26    i.max7219_Turn_On   max7219.o
    0x0800581c   0x0800581c   0x00000048   Code   RO          266    i.read16bits        ade7753.o
    0x08005864   0x08005864   0x0000004c   Code   RO          268    i.read24bits        ade7753.o
    0x080058b0   0x080058b0   0x0000004c   Code   RO          269    i.read24bits_s      ade7753.o
    0x080058fc   0x080058fc   0x00000032   Code   RO          271    i.read8bits_s       ade7753.o
    0x0800592e   0x0800592e   0x00000034   Code   RO          272    i.readRegister      ade7753.o
    0x08005962   0x08005962   0x00000002   PAD
    0x08005964   0x08005964   0x00000050   Code   RO          879    i.read_initial_settings  eeprom.o
    0x080059b4   0x080059b4   0x0000003c   Code   RO          274    i.reset             ade7753.o
    0x080059f0   0x080059f0   0x00000024   Code   RO          534    i.reset_stm         main.o
    0x08005a14   0x08005a14   0x00000084   Code   RO          535    i.send11ByteData    main.o
    0x08005a98   0x08005a98   0x00000020   Code   RO          536    i.setEnergyRate     main.o
    0x08005ab8   0x08005ab8   0x00000048   Code   RO         3268    i.sqrt              m_ps.l(sqrt.o)
    0x08005b00   0x08005b00   0x00000058   Code   RO          275    i.transfer          ade7753.o
    0x08005b58   0x08005b58   0x00000218   Code   RO          537    i.uart_log          main.o
    0x08005d70   0x08005d70   0x0000007a   Code   RO          276    i.write16           ade7753.o
    0x08005dea   0x08005dea   0x0000002a   Code   RO          278    i.writeMaskRegister  ade7753.o
    0x08005e14   0x08005e14   0x0000002a   Code   RO          279    i.writeRegister     ade7753.o
    0x08005e3e   0x08005e3e   0x00000002   PAD
    0x08005e40   0x08005e40   0x0000002c   Code   RO         3343    locale$$code        c_p.l(lc_numeric_c.o)
    0x08005e6c   0x08005e6c   0x00000068   Code   RO         3244    x$fpl$drleqf        fz_ps.l(drlef.o)
    0x08005ed4   0x08005ed4   0x0000008c   Code   RO         3248    x$fpl$fadd          fz_ps.l(faddsub.o)
    0x08005f60   0x08005f60   0x000000b0   Code   RO         3263    x$fpl$fmul          fz_ps.l(fmul.o)
    0x08006010   0x08006010   0x000000d0   Code   RO         3250    x$fpl$fsub          fz_ps.l(faddsub.o)
    0x080060e0   0x080060e0   0x00000010   Code   RO         3265    x$fpl$printf1       fz_ps.l(printf1.o)
    0x080060f0   0x080060f0   0x00000000   Code   RO         3303    x$fpl$usenofp       fz_ps.l(usenofp.o)
    0x080060f0   0x080060f0   0x000000a0   Data   RO           28    .constdata          max7219.o
    0x08006190   0x08006190   0x00000020   Data   RO         1446    .constdata          stm32f0xx_hal_rcc.o
    0x080061b0   0x080061b0   0x00000010   Data   RO         3122    .constdata          system_stm32f0xx.o
    0x080061c0   0x080061c0   0x00000008   Data   RO         3123    .constdata          system_stm32f0xx.o
    0x080061c8   0x080061c8   0x00000028   Data   RO         3172    .constdata          c_p.l(_printf_hex_int.o)
    0x080061f0   0x080061f0   0x00000011   Data   RO         3202    .constdata          c_p.l(__printf_flags_wp.o)
    0x08006201   0x08006201   0x00000080   Data   RO         3234    .constdata          fz_ps.l(ddiv.o)
    0x08006281   0x08006281   0x00000040   Data   RO         3255    .constdata          fz_ps.l(fdiv.o)
    0x080062c1   0x080062c1   0x00000003   PAD
    0x080062c4   0x080062c4   0x00000094   Data   RO         3338    .constdata          c_p.l(bigflt0.o)
    0x08006358   0x08006358   0x00000020   Data   RO         3502    Region$$Table       anon$$obj.o
    0x08006378   0x08006378   0x0000001c   Data   RO         3342    locale$$data        c_p.l(lc_numeric_c.o)


    Execution Region RW_IRAM1 (Exec base: 0x20000000, Load base: 0x08006394, Size: 0x00000968, Max: 0x00002000, ABSOLUTE)

    Exec Addr    Load Addr    Size         Type   Attr      Idx    E Section Name        Object

    0x20000000   0x08006394   0x0000001c   Data   RW           29    .data               max7219.o
    0x2000001c   0x080063b0   0x00000004   PAD
    0x20000020   0x080063b4   0x00000080   Data   RW          541    .data               main.o
    0x200000a0   0x08006434   0x0000000c   Data   RW         1583    .data               stm32f0xx_hal.o
    0x200000ac   0x08006440   0x00000004   Data   RW         3124    .data               system_stm32f0xx.o
    0x200000b0        -       0x0000021f   Zero   RW          538    .bss                main.o
    0x200002cf        -       0x0000000b   Zero   RW          677    .bss                rs485.o
    0x200002da   0x08006444   0x00000002   PAD
    0x200002dc        -       0x00000028   Zero   RW          836    .bss                kalman_filter.o
    0x20000304        -       0x00000060   Zero   RW         3354    .bss                c_p.l(libspace.o)
    0x20000364   0x08006444   0x00000004   PAD
    0x20000368        -       0x00000200   Zero   RW            2    HEAP                startup_stm32f030x8.o
    0x20000568        -       0x00000400   Zero   RW            1    STACK               startup_stm32f030x8.o


==============================================================================

Image component sizes


      Code (inc. data)   RO Data    RW Data    ZI Data      Debug   Object Name

      1566        284          0          0          0     268700   ade7753.o
       164         18          0          0          0       3197   eeprom.o
       176         20          0          0         40       3630   kalman_filter.o
      2418        384          0        128        543      11922   main.o
       594         32        160         28          0     264616   max7219.o
       268         34          0          0         11       3476   rs485.o
        56         26        180          0       1536        628   startup_stm32f030x8.o
       164         30          0         12          0       7841   stm32f0xx_hal.o
       148         24          0          0          0      10269   stm32f0xx_hal_cortex.o
       136          0          0          0          0       1715   stm32f0xx_hal_dma.o
       432         24          0          0          0       2104   stm32f0xx_hal_gpio.o
      1668         38          0          0          0      11810   stm32f0xx_hal_i2c.o
       146          0          0          0          0       1871   stm32f0xx_hal_i2c_ex.o
       412         46          0          0          0       2969   stm32f0xx_hal_msp.o
      1332         64         32          0          0       4553   stm32f0xx_hal_rcc.o
       232         14          0          0          0       1344   stm32f0xx_hal_rcc_ex.o
      2050          8          0          0          0      10314   stm32f0xx_hal_spi.o
      2596         54          0          0          0      20849   stm32f0xx_hal_uart.o
        32          6          0          0          0       2535   stm32f0xx_it.o
         2          0         24          4          0       1087   system_stm32f0xx.o

    ----------------------------------------------------------------------
     14618       1106        428        176       2132     635430   Object Totals
         0          0         32          0          0          0   (incl. Generated)
        26          0          0          4          2          0   (incl. Padding)

    ----------------------------------------------------------------------

      Code (inc. data)   RO Data    RW Data    ZI Data      Debug   Library Member Name

         8          0          0          0          0         68   __main.o
       312          6         17          0          0         76   __printf_flags_wp.o
        14          0          0          0          0         60   __printf_wp.o
         0          0          0          0          0          0   __rtentry.o
        12          0          0          0          0          0   __rtentry2.o
         6          0          0          0          0          0   __rtentry4.o
        60          8          0          0          0          0   __scatter.o
        26          0          0          0          0          0   __scatter_copy.o
        28          0          0          0          0          0   __scatter_zi.o
        48          6          0          0          0         88   _printf_char_common.o
        10          0          0          0          0          0   _printf_d.o
       108         18          0          0          0         76   _printf_dec.o
        10          0          0          0          0          0   _printf_f.o
      1048         14          0          0          0        176   _printf_fp_dec.o
       136         16          0          0          0         76   _printf_fp_infnan.o
        88          4         40          0          0         72   _printf_hex_int.o
       176          0          0          0          0         84   _printf_intcommon.o
        78          0          0          0          0        100   _printf_pad.o
         2          0          0          0          0          0   _printf_percent.o
         4          0          0          0          0          0   _printf_percent_end.o
        10          0          0          0          0          0   _printf_x.o
        22          0          0          0          0         92   _rserrno.o
        10          0          0          0          0         60   _sputc.o
       346          0          0          0          0         92   aeabi_sdiv.o
       216          6        148          0          0         80   bigflt0.o
      1408         30          0          0          0        260   btod.o
        16          0          0          0          0         68   exit.o
         6          0          0          0          0        136   heapauxi.o
         0          0          0          0          0          0   indicate_semi.o
        44         10         28          0          0         76   lc_numeric_c.o
         2          0          0          0          0          0   libinit.o
        18          0          0          0          0          0   libinit2.o
         2          0          0          0          0          0   libshutdown.o
         2          0          0          0          0          0   libshutdown2.o
         8          4          0          0         96         68   libspace.o
       258          0          0          0          0         88   lludiv.o
       122          0          0          0          0         72   lludiv10.o
        40          4          0          0          0         84   noretval__2sprintf.o
         8          4          0          0          0         68   rt_errno_addr_intlibspace.o
         8          4          0          0          0         68   rt_locale_intlibspace.o
        64          0          0          0          0        108   rt_memclr.o
        56          0          0          0          0         68   rt_memcpy.o
         2          0          0          0          0          0   rtexit.o
        10          0          0          0          0          0   rtexit2.o
        40          0          0          0          0         60   rtudiv10.o
       136          4          0          0          0         72   strcmp.o
        68          6          0          0          0         72   strlen.o
        12          4          0          0          0         60   sys_exit.o
        62          0          0          0          0         80   sys_stackheap_outer.o
         2          0          0          0          0         68   use_no_semi.o
        46          0          0          0          0         60   cmpret.o
       124          4          0          0          0         72   d2f.o
       856         20          0          0          0        208   daddsub.o
       144          4          0          0          0         76   dcmpin.o
      1096         26        128          0          0        112   ddiv.o
       108         10          0          0          0         72   dfixi.o
        72          4          0          0          0         68   dfixui.o
        88          0          0          0          0         92   dflti.o
       584         26          0          0          0         84   dmul.o
        20          6          0          0          0         68   dnan2.o
       104          4          0          0          0        104   drlef.o
       256          8          0          0          0         76   dsqrt.o
        84          4          0          0          0         60   f2d.o
       348          8          0          0          0        160   faddsub.o
       352         10         64          0          0         92   fdiv.o
        48          0          0          0          0         60   ffixui.o
        94          0          0          0          0         92   fflti.o
       176          4          0          0          0         80   fmul.o
        16          4          0          0          0         76   printf1.o
        94          0          0          0          0         68   retnan.o
         0          0          0          0          0          0   usenofp.o
        44          4          0          0          0         60   fpclassify.o
        72          6          0          0          0         76   sqrt.o

    ----------------------------------------------------------------------
     10018        300        428          0        100       4692   Library Totals
        20          0          3          0          4          0   (incl. Padding)

    ----------------------------------------------------------------------

      Code (inc. data)   RO Data    RW Data    ZI Data      Debug   Library Name

      5172        148        233          0         96       2776   c_p.l
      4710        142        192          0          0       1780   fz_ps.l
       116         10          0          0          0        136   m_ps.l

    ----------------------------------------------------------------------
     10018        300        428          0        100       4692   Library Totals

    ----------------------------------------------------------------------

==============================================================================


      Code (inc. data)   RO Data    RW Data    ZI Data      Debug   

     24636       1406        856        176       2232     632250   Grand Totals
     24636       1406        856        176       2232     632250   ELF Image Totals
     24636       1406        856        176          0          0   ROM Totals

==============================================================================

    Total RO  Size (Code + RO Data)                25492 (  24.89kB)
    Total RW  Size (RW Data + ZI Data)              2408 (   2.35kB)
    Total ROM Size (Code + RO Data + RW Data)      25668 (  25.07kB)

==============================================================================

